Component: ARM Compiler 5.06 update 6 (build 750) Tool: armlink [4d35ed]

==============================================================================

Section Cross References

    hc32_ll.o(i.LL_PERIPH_WP) refers to hc32_ll.o(i.PWC_REG_Lock) for PWC_REG_Lock
    hc32_ll_clk.o(i.CLK_ClearXtalStdStatus) refers to hc32_ll_utility.o(i.DDL_AssertHandler) for DDL_AssertHandler
    hc32_ll_clk.o(i.CLK_GetBusClockFreq) refers to hc32_ll_utility.o(i.DDL_AssertHandler) for DDL_AssertHandler
    hc32_ll_clk.o(i.CLK_GetBusClockFreq) refers to system_hc32f460.o(.data) for SystemCoreClock
    hc32_ll_clk.o(i.CLK_GetClockFreq) refers to hc32_ll_clk.o(i.GetClockFreq) for GetClockFreq
    hc32_ll_clk.o(i.CLK_GetPLLClockFreq) refers to system_hc32f460.o(.data) for HRC_VALUE
    hc32_ll_clk.o(i.CLK_GetStableStatus) refers to hc32_ll_utility.o(i.DDL_AssertHandler) for DDL_AssertHandler
    hc32_ll_clk.o(i.CLK_HrcCmd) refers to hc32_ll_utility.o(i.DDL_AssertHandler) for DDL_AssertHandler
    hc32_ll_clk.o(i.CLK_HrcCmd) refers to hc32_ll_clk.o(i.CLK_WaitStable) for CLK_WaitStable
    hc32_ll_clk.o(i.CLK_HrcTrim) refers to hc32_ll_utility.o(i.DDL_AssertHandler) for DDL_AssertHandler
    hc32_ll_clk.o(i.CLK_LrcCmd) refers to hc32_ll_utility.o(i.DDL_AssertHandler) for DDL_AssertHandler
    hc32_ll_clk.o(i.CLK_LrcCmd) refers to hc32_ll_clk.o(i.CLK_Delay) for CLK_Delay
    hc32_ll_clk.o(i.CLK_LrcTrim) refers to hc32_ll_utility.o(i.DDL_AssertHandler) for DDL_AssertHandler
    hc32_ll_clk.o(i.CLK_MCOCmd) refers to hc32_ll_utility.o(i.DDL_AssertHandler) for DDL_AssertHandler
    hc32_ll_clk.o(i.CLK_MCOConfig) refers to hc32_ll_utility.o(i.DDL_AssertHandler) for DDL_AssertHandler
    hc32_ll_clk.o(i.CLK_MrcCmd) refers to hc32_ll_utility.o(i.DDL_AssertHandler) for DDL_AssertHandler
    hc32_ll_clk.o(i.CLK_MrcCmd) refers to hc32_ll_clk.o(i.CLK_Delay) for CLK_Delay
    hc32_ll_clk.o(i.CLK_MrcTrim) refers to hc32_ll_utility.o(i.DDL_AssertHandler) for DDL_AssertHandler
    hc32_ll_clk.o(i.CLK_PLLCmd) refers to hc32_ll_utility.o(i.DDL_AssertHandler) for DDL_AssertHandler
    hc32_ll_clk.o(i.CLK_PLLCmd) refers to hc32_ll_clk.o(i.CLK_WaitStable) for CLK_WaitStable
    hc32_ll_clk.o(i.CLK_PLLInit) refers to hc32_ll_utility.o(i.DDL_AssertHandler) for DDL_AssertHandler
    hc32_ll_clk.o(i.CLK_PLLInit) refers to hc32_ll_clk.o(i.CLK_PLLCmd) for CLK_PLLCmd
    hc32_ll_clk.o(i.CLK_PLLInit) refers to system_hc32f460.o(.data) for HRC_VALUE
    hc32_ll_clk.o(i.CLK_PLLxCmd) refers to hc32_ll_utility.o(i.DDL_AssertHandler) for DDL_AssertHandler
    hc32_ll_clk.o(i.CLK_PLLxCmd) refers to hc32_ll_clk.o(i.CLK_WaitStable) for CLK_WaitStable
    hc32_ll_clk.o(i.CLK_PLLxInit) refers to hc32_ll_clk.o(i.PLLxParamCheck) for PLLxParamCheck
    hc32_ll_clk.o(i.CLK_PLLxInit) refers to hc32_ll_clk.o(i.CLK_PLLxCmd) for CLK_PLLxCmd
    hc32_ll_clk.o(i.CLK_SetClockDiv) refers to hc32_ll_clk.o(i.SetSysClockDiv) for SetSysClockDiv
    hc32_ll_clk.o(i.CLK_SetClockDiv) refers to system_hc32f460.o(i.SystemCoreClockUpdate) for SystemCoreClockUpdate
    hc32_ll_clk.o(i.CLK_SetI2SClockSrc) refers to hc32_ll_utility.o(i.DDL_AssertHandler) for DDL_AssertHandler
    hc32_ll_clk.o(i.CLK_SetPLLSrc) refers to hc32_ll_utility.o(i.DDL_AssertHandler) for DDL_AssertHandler
    hc32_ll_clk.o(i.CLK_SetPeriClockSrc) refers to hc32_ll_utility.o(i.DDL_AssertHandler) for DDL_AssertHandler
    hc32_ll_clk.o(i.CLK_SetSysClockSrc) refers to hc32_ll_clk.o(i.SetSysClockSrc) for SetSysClockSrc
    hc32_ll_clk.o(i.CLK_SetSysClockSrc) refers to system_hc32f460.o(i.SystemCoreClockUpdate) for SystemCoreClockUpdate
    hc32_ll_clk.o(i.CLK_SetTpiuClockDiv) refers to hc32_ll_utility.o(i.DDL_AssertHandler) for DDL_AssertHandler
    hc32_ll_clk.o(i.CLK_SetUSBClockSrc) refers to hc32_ll_utility.o(i.DDL_AssertHandler) for DDL_AssertHandler
    hc32_ll_clk.o(i.CLK_TpiuClockCmd) refers to hc32_ll_utility.o(i.DDL_AssertHandler) for DDL_AssertHandler
    hc32_ll_clk.o(i.CLK_WaitStable) refers to hc32_ll_clk.o(i.CLK_GetStableStatus) for CLK_GetStableStatus
    hc32_ll_clk.o(i.CLK_Xtal32Cmd) refers to hc32_ll_utility.o(i.DDL_AssertHandler) for DDL_AssertHandler
    hc32_ll_clk.o(i.CLK_Xtal32Cmd) refers to hc32_ll_clk.o(i.CLK_Delay) for CLK_Delay
    hc32_ll_clk.o(i.CLK_Xtal32Init) refers to hc32_ll_utility.o(i.DDL_AssertHandler) for DDL_AssertHandler
    hc32_ll_clk.o(i.CLK_Xtal32Init) refers to hc32_ll_clk.o(i.CLK_Xtal32Cmd) for CLK_Xtal32Cmd
    hc32_ll_clk.o(i.CLK_XtalCmd) refers to hc32_ll_utility.o(i.DDL_AssertHandler) for DDL_AssertHandler
    hc32_ll_clk.o(i.CLK_XtalCmd) refers to hc32_ll_clk.o(i.CLK_WaitStable) for CLK_WaitStable
    hc32_ll_clk.o(i.CLK_XtalInit) refers to hc32_ll_utility.o(i.DDL_AssertHandler) for DDL_AssertHandler
    hc32_ll_clk.o(i.CLK_XtalInit) refers to hc32_ll_clk.o(i.CLK_XtalCmd) for CLK_XtalCmd
    hc32_ll_clk.o(i.CLK_XtalStdInit) refers to hc32_ll_utility.o(i.DDL_AssertHandler) for DDL_AssertHandler
[...]
    IRQ021_Handler                           0x00013cb9   Thumb Code     6  hc32_ll_interrupts.o(i.IRQ021_Handler)
    IRQ022_Handler                           0x00013cc5   Thumb Code     6  hc32_ll_interrupts.o(i.IRQ022_Handler)
    IRQ023_Handler                           0x00013cd1   Thumb Code     6  hc32_ll_interrupts.o(i.IRQ023_Handler)
    IRQ024_Handler                           0x00013cdd   Thumb Code     6  hc32_ll_interrupts.o(i.IRQ024_Handler)
    IRQ025_Handler                           0x00013ce9   Thumb Code     6  hc32_ll_interrupts.o(i.IRQ025_Handler)
    IRQ026_Handler                           0x00013cf5   Thumb Code     6  hc32_ll_interrupts.o(i.IRQ026_Handler)
    IRQ027_Handler                           0x00013d01   Thumb Code     6  hc32_ll_interrupts.o(i.IRQ027_Handler)
    IRQ028_Handler                           0x00013d0d   Thumb Code     6  hc32_ll_interrupts.o(i.IRQ028_Handler)
    IRQ029_Handler                           0x00013d19   Thumb Code     6  hc32_ll_interrupts.o(i.IRQ029_Handler)
    IRQ030_Handler                           0x00013d25   Thumb Code     6  hc32_ll_interrupts.o(i.IRQ030_Handler)
    IRQ031_Handler                           0x00013d31   Thumb Code     6  hc32_ll_interrupts.o(i.IRQ031_Handler)
    IRQ032_Handler                           0x00013d3d   Thumb Code     8  hc32_ll_interrupts.o(i.IRQ032_Handler)
    IRQ033_Handler                           0x00013d49   Thumb Code     8  hc32_ll_interrupts.o(i.IRQ033_Handler)
    IRQ034_Handler                           0x00013d55   Thumb Code     8  hc32_ll_interrupts.o(i.IRQ034_Handler)
    IRQ035_Handler                           0x00013d61   Thumb Code     8  hc32_ll_interrupts.o(i.IRQ035_Handler)
    IRQ036_Handler                           0x00013d6d   Thumb Code     8  hc32_ll_interrupts.o(i.IRQ036_Handler)
    IRQ037_Handler                           0x00013d79   Thumb Code     8  hc32_ll_interrupts.o(i.IRQ037_Handler)
    IRQ038_Handler                           0x00013d85   Thumb Code     8  hc32_ll_interrupts.o(i.IRQ038_Handler)
    IRQ039_Handler                           0x00013d91   Thumb Code     8  hc32_ll_interrupts.o(i.IRQ039_Handler)
    IRQ040_Handler                           0x00013d9d   Thumb Code     8  hc32_ll_interrupts.o(i.IRQ040_Handler)
    IRQ041_Handler                           0x00013da9   Thumb Code     8  hc32_ll_interrupts.o(i.IRQ041_Handler)
    IRQ042_Handler                           0x00013db5   Thumb Code     8  hc32_ll_interrupts.o(i.IRQ042_Handler)
    IRQ043_Handler                           0x00013dc1   Thumb Code     8  hc32_ll_interrupts.o(i.IRQ043_Handler)
    IRQ044_Handler                           0x00013dcd   Thumb Code     8  hc32_ll_interrupts.o(i.IRQ044_Handler)
    IRQ045_Handler                           0x00013dd9   Thumb Code     8  hc32_ll_interrupts.o(i.IRQ045_Handler)
    IRQ046_Handler                           0x00013de5   Thumb Code     8  hc32_ll_interrupts.o(i.IRQ046_Handler)
    IRQ047_Handler                           0x00013df1   Thumb Code     8  hc32_ll_interrupts.o(i.IRQ047_Handler)
    IRQ048_Handler                           0x00013dfd   Thumb Code     8  hc32_ll_interrupts.o(i.IRQ048_Handler)
    IRQ049_Handler                           0x00013e09   Thumb Code     8  hc32_ll_interrupts.o(i.IRQ049_Handler)
    IRQ050_Handler                           0x00013e15   Thumb Code     8  hc32_ll_interrupts.o(i.IRQ050_Handler)
    IRQ051_Handler                           0x00013e21   Thumb Code     8  hc32_ll_interrupts.o(i.IRQ051_Handler)
    IRQ052_Handler                           0x00013e2d   Thumb Code     8  hc32_ll_interrupts.o(i.IRQ052_Handler)
    IRQ053_Handler                           0x00013e39   Thumb Code     8  hc32_ll_interrupts.o(i.IRQ053_Handler)
    IRQ054_Handler                           0x00013e45   Thumb Code     8  hc32_ll_interrupts.o(i.IRQ054_Handler)
    IRQ055_Handler                           0x00013e51   Thumb Code     8  hc32_ll_interrupts.o(i.IRQ055_Handler)
    IRQ056_Handler                           0x00013e5d   Thumb Code     8  hc32_ll_interrupts.o(i.IRQ056_Handler)
    IRQ057_Handler                           0x00013e69   Thumb Code     8  hc32_ll_interrupts.o(i.IRQ057_Handler)
    IRQ058_Handler                           0x00013e75   Thumb Code     8  hc32_ll_interrupts.o(i.IRQ058_Handler)
    IRQ059_Handler                           0x00013e81   Thumb Code     8  hc32_ll_interrupts.o(i.IRQ059_Handler)
    IRQ060_Handler                           0x00013e8d   Thumb Code     8  hc32_ll_interrupts.o(i.IRQ060_Handler)
    IRQ061_Handler                           0x00013e99   Thumb Code     8  hc32_ll_interrupts.o(i.IRQ061_Handler)
    IRQ062_Handler                           0x00013ea5   Thumb Code     8  hc32_ll_interrupts.o(i.IRQ062_Handler)
    IRQ063_Handler                           0x00013eb1   Thumb Code     8  hc32_ll_interrupts.o(i.IRQ063_Handler)
    IRQ064_Handler                           0x00013ebd   Thumb Code     8  hc32_ll_interrupts.o(i.IRQ064_Handler)
    IRQ065_Handler                           0x00013ec9   Thumb Code     8  hc32_ll_interrupts.o(i.IRQ065_Handler)
    IRQ066_Handler                           0x00013ed5   Thumb Code     8  hc32_ll_interrupts.o(i.IRQ066_Handler)
    IRQ067_Handler                           0x00013ee1   Thumb Code     8  hc32_ll_interrupts.o(i.IRQ067_Handler)
    IRQ068_Handler                           0x00013eed   Thumb Code     8  hc32_ll_interrupts.o(i.IRQ068_Handler)
    IRQ069_Handler                           0x00013ef9   Thumb Code     8  hc32_ll_interrupts.o(i.IRQ069_Handler)
    IRQ070_Handler                           0x00013f05   Thumb Code     8  hc32_ll_interrupts.o(i.IRQ070_Handler)
    IRQ071_Handler                           0x00013f11   Thumb Code     8  hc32_ll_interrupts.o(i.IRQ071_Handler)
    IRQ072_Handler                           0x00013f1d   Thumb Code     8  hc32_ll_interrupts.o(i.IRQ072_Handler)
    IRQ073_Handler                           0x00013f29   Thumb Code     8  hc32_ll_interrupts.o(i.IRQ073_Handler)
    IRQ074_Handler                           0x00013f35   Thumb Code     8  hc32_ll_interrupts.o(i.IRQ074_Handler)
    IRQ075_Handler                           0x00013f41   Thumb Code     8  hc32_ll_interrupts.o(i.IRQ075_Handler)
    IRQ076_Handler                           0x00013f4d   Thumb Code     8  hc32_ll_interrupts.o(i.IRQ076_Handler)
    IRQ077_Handler                           0x00013f59   Thumb Code     8  hc32_ll_interrupts.o(i.IRQ077_Handler)
    IRQ078_Handler                           0x00013f65   Thumb Code     8  hc32_ll_interrupts.o(i.IRQ078_Handler)
    IRQ079_Handler                           0x00013f71   Thumb Code     8  hc32_ll_interrupts.o(i.IRQ079_Handler)
    IRQ080_Handler                           0x00013f7d   Thumb Code     8  hc32_ll_interrupts.o(i.IRQ080_Handler)
    IRQ081_Handler                           0x00013f89   Thumb Code     8  hc32_ll_interrupts.o(i.IRQ081_Handler)
    IRQ082_Handler                           0x00013f95   Thumb Code     8  hc32_ll_interrupts.o(i.IRQ082_Handler)
    IRQ083_Handler                           0x00013fa1   Thumb Code     8  hc32_ll_interrupts.o(i.IRQ083_Handler)
    IRQ084_Handler                           0x00013fad   Thumb Code     8  hc32_ll_interrupts.o(i.IRQ084_Handler)
    IRQ085_Handler                           0x00013fb9   Thumb Code     8  hc32_ll_interrupts.o(i.IRQ085_Handler)
    IRQ086_Handler                           0x00013fc5   Thumb Code     8  hc32_ll_interrupts.o(i.IRQ086_Handler)
    IRQ087_Handler                           0x00013fd1   Thumb Code     8  hc32_ll_interrupts.o(i.IRQ087_Handler)
    IRQ088_Handler                           0x00013fdd   Thumb Code     8  hc32_ll_interrupts.o(i.IRQ088_Handler)
    IRQ089_Handler                           0x00013fe9   Thumb Code     8  hc32_ll_interrupts.o(i.IRQ089_Handler)
    IRQ090_Handler                           0x00013ff5   Thumb Code     8  hc32_ll_interrupts.o(i.IRQ090_Handler)
    IRQ091_Handler                           0x00014001   Thumb Code     8  hc32_ll_interrupts.o(i.IRQ091_Handler)
    IRQ092_Handler                           0x0001400d   Thumb Code     8  hc32_ll_interrupts.o(i.IRQ092_Handler)
    IRQ093_Handler                           0x00014019   Thumb Code     8  hc32_ll_interrupts.o(i.IRQ093_Handler)
    IRQ094_Handler                           0x00014025   Thumb Code     8  hc32_ll_interrupts.o(i.IRQ094_Handler)
    IRQ095_Handler                           0x00014031   Thumb Code     8  hc32_ll_interrupts.o(i.IRQ095_Handler)
    IRQ096_Handler                           0x0001403d   Thumb Code     8  hc32_ll_interrupts.o(i.IRQ096_Handler)
    IRQ097_Handler                           0x00014049   Thumb Code     8  hc32_ll_interrupts.o(i.IRQ097_Handler)
    IRQ098_Handler                           0x00014055   Thumb Code     8  hc32_ll_interrupts.o(i.IRQ098_Handler)
    IRQ099_Handler                           0x00014061   Thumb Code     8  hc32_ll_interrupts.o(i.IRQ099_Handler)
    IRQ100_Handler                           0x0001406d   Thumb Code     8  hc32_ll_interrupts.o(i.IRQ100_Handler)
    IRQ101_Handler                           0x00014079   Thumb Code     8  hc32_ll_interrupts.o(i.IRQ101_Handler)
    IRQ102_Handler                           0x00014085   Thumb Code     8  hc32_ll_interrupts.o(i.IRQ102_Handler)
    IRQ103_Handler                           0x00014091   Thumb Code     8  hc32_ll_interrupts.o(i.IRQ103_Handler)
    IRQ104_Handler                           0x0001409d   Thumb Code     8  hc32_ll_interrupts.o(i.IRQ104_Handler)
    IRQ105_Handler                           0x000140a9   Thumb Code     8  hc32_ll_interrupts.o(i.IRQ105_Handler)
    IRQ106_Handler                           0x000140b5   Thumb Code     8  hc32_ll_interrupts.o(i.IRQ106_Handler)
    IRQ107_Handler                           0x000140c1   Thumb Code     8  hc32_ll_interrupts.o(i.IRQ107_Handler)
    IRQ108_Handler                           0x000140cd   Thumb Code     8  hc32_ll_interrupts.o(i.IRQ108_Handler)
    IRQ109_Handler                           0x000140d9   Thumb Code     8  hc32_ll_interrupts.o(i.IRQ109_Handler)
    IRQ110_Handler                           0x000140e5   Thumb Code     8  hc32_ll_interrupts.o(i.IRQ110_Handler)
    IRQ111_Handler                           0x000140f1   Thumb Code     8  hc32_ll_interrupts.o(i.IRQ111_Handler)
    IRQ112_Handler                           0x000140fd   Thumb Code     8  hc32_ll_interrupts.o(i.IRQ112_Handler)
    IRQ113_Handler                           0x00014109   Thumb Code     8  hc32_ll_interrupts.o(i.IRQ113_Handler)
    IRQ114_Handler                           0x00014115   Thumb Code     8  hc32_ll_interrupts.o(i.IRQ114_Handler)
    IRQ115_Handler                           0x00014121   Thumb Code     8  hc32_ll_interrupts.o(i.IRQ115_Handler)
    IRQ116_Handler                           0x0001412d   Thumb Code     8  hc32_ll_interrupts.o(i.IRQ116_Handler)
    IRQ117_Handler                           0x00014139   Thumb Code     8  hc32_ll_interrupts.o(i.IRQ117_Handler)
    IRQ118_Handler                           0x00014145   Thumb Code     8  hc32_ll_interrupts.o(i.IRQ118_Handler)
    IRQ119_Handler                           0x00014151   Thumb Code     8  hc32_ll_interrupts.o(i.IRQ119_Handler)
    IRQ120_Handler                           0x0001415d   Thumb Code     8  hc32_ll_interrupts.o(i.IRQ120_Handler)
    IRQ121_Handler                           0x00014169   Thumb Code     8  hc32_ll_interrupts.o(i.IRQ121_Handler)
    IRQ122_Handler                           0x00014175   Thumb Code     8  hc32_ll_interrupts.o(i.IRQ122_Handler)
    IRQ123_Handler                           0x00014181   Thumb Code     8  hc32_ll_interrupts.o(i.IRQ123_Handler)
    IRQ124_Handler                           0x0001418d   Thumb Code     8  hc32_ll_interrupts.o(i.IRQ124_Handler)
    IRQ125_Handler                           0x00014199   Thumb Code     8  hc32_ll_interrupts.o(i.IRQ125_Handler)
    IRQ126_Handler                           0x000141a5   Thumb Code     8  hc32_ll_interrupts.o(i.IRQ126_Handler)
    IRQ127_Handler                           0x000141b1   Thumb Code     8  hc32_ll_interrupts.o(i.IRQ127_Handler)
    Key_Read                                 0x000141bd   Thumb Code    72  ev_hc32f460_lqfp100_v2.o(i.Key_Read)
    LL_PERIPH_WE                             0x00014209   Thumb Code    96  hc32_ll.o(i.LL_PERIPH_WE)
    LL_PERIPH_WP                             0x00014281   Thumb Code    78  hc32_ll.o(i.LL_PERIPH_WP)
    LL_PrintfInit                            0x000142e5   Thumb Code    62  hc32_ll_utility.o(i.LL_PrintfInit)
    Master_Initialize                        0x00014365   Thumb Code    62  i2c.o(i.Master_Initialize)
    Menu_Init                                0x000143bd   Thumb Code    26  menuconfig.o(i.Menu_Init)
    Menu_Loop                                0x000143dd   Thumb Code    98  menu.o(i.Menu_Loop)
    Notifications                            0x00014459   Thumb Code   158  menu.o(i.Notifications)
    OLED_ClearBuffer                         0x00014501   Thumb Code     6  dispdirver.o(i.OLED_ClearBuffer)
    OLED_DrawBox                             0x0001450d   Thumb Code    18  dispdirver.o(i.OLED_DrawBox)
    OLED_DrawFrame                           0x00014525   Thumb Code    18  dispdirver.o(i.OLED_DrawFrame)
    OLED_DrawLine                            0x0001453d   Thumb Code    18  dispdirver.o(i.OLED_DrawLine)
    OLED_DrawRBox                            0x00014555   Thumb Code    24  dispdirver.o(i.OLED_DrawRBox)
    OLED_DrawStr                             0x00014571   Thumb Code    12  dispdirver.o(i.OLED_DrawStr)
    OLED_DrawXBMP                            0x00014581   Thumb Code    24  dispdirver.o(i.OLED_DrawXBMP)
    OLED_GetBufferPtr                        0x0001459d   Thumb Code     6  dispdirver.o(i.OLED_GetBufferPtr)
    OLED_GetBufferTileHeight                 0x000145a9   Thumb Code     8  dispdirver.o(i.OLED_GetBufferTileHeight)
    OLED_GetBufferTileWidth                  0x000145b5   Thumb Code     8  dispdirver.o(i.OLED_GetBufferTileWidth)
    OLED_SendBuffer                          0x000145c1   Thumb Code     6  dispdirver.o(i.OLED_SendBuffer)
    OLED_SetDrawColor                        0x000145cd   Thumb Code     8  dispdirver.o(i.OLED_SetDrawColor)
    OLED_SetFont                             0x000145d9   Thumb Code     8  dispdirver.o(i.OLED_SetFont)
    PWC_HighSpeedToHighPerformance           0x00014639   Thumb Code    54  hc32_ll_pwc.o(i.PWC_HighSpeedToHighPerformance)
    ParameterSetting_Widget                  0x000146c1   Thumb Code   278  parameter.o(i.ParameterSetting_Widget)
    SRAM_SetWaitCycle                        0x00014a25   Thumb Code   138  hc32_ll_sram.o(i.SRAM_SetWaitCycle)
    Show_Logo                                0x00014e69   Thumb Code    30  application.o(i.Show_Logo)
    SystemCoreClockUpdate                    0x00015165   Thumb Code   110  system_hc32f460.o(i.SystemCoreClockUpdate)
    SystemInit                               0x000151ed   Thumb Code    28  system_hc32f460.o(i.SystemInit)
    TMR02_B_Config                           0x0001520d   Thumb Code   206  ev_hc32f460_lqfp100_v2.o(i.TMR02_B_Config)
    TMR0_CHB_CompareIrqCallback              0x000152e5   Thumb Code   186  ev_hc32f460_lqfp100_v2.o(i.TMR0_CHB_CompareIrqCallback)
    TMR0_ClearStatus                         0x000153ad   Thumb Code    54  hc32_ll_tmr0.o(i.TMR0_ClearStatus)
    TMR0_HWStopCondCmd                       0x0001541d   Thumb Code    84  hc32_ll_tmr0.o(i.TMR0_HWStopCondCmd)
    TMR0_Init                                0x000154a9   Thumb Code   208  hc32_ll_tmr0.o(i.TMR0_Init)
    TMR0_IntCmd                              0x000155b1   Thumb Code    78  hc32_ll_tmr0.o(i.TMR0_IntCmd)
    TMR0_Start                               0x00015639   Thumb Code    54  hc32_ll_tmr0.o(i.TMR0_Start)
    TMR0_StructInit                          0x000156a9   Thumb Code    28  hc32_ll_tmr0.o(i.TMR0_StructInit)
    TMRA_FilterCmd                           0x000156c5   Thumb Code   118  hc32_ll_tmra.o(i.TMRA_FilterCmd)
    TMRA_GetCountDir                         0x00015789   Thumb Code    60  hc32_ll_tmra.o(i.TMRA_GetCountDir)
    TMRA_GetCountValue                       0x0001580d   Thumb Code    54  hc32_ll_tmra.o(i.TMRA_GetCountValue)
    TMRA_HWClearCondCmd                      0x0001588d   Thumb Code   106  hc32_ll_tmra.o(i.TMRA_HWClearCondCmd)
    TMRA_Init                                0x00015941   Thumb Code   254  hc32_ll_tmra.o(i.TMRA_Init)
    TMRA_SetFilterClockDiv                   0x00015a89   Thumb Code   136  hc32_ll_tmra.o(i.TMRA_SetFilterClockDiv)
    TMRA_SetPeriodValue                      0x00015b5d   Thumb Code    56  hc32_ll_tmra.o(i.TMRA_SetPeriodValue)
    TMRA_Start                               0x00015bdd   Thumb Code    62  hc32_ll_tmra.o(i.TMRA_Start)
    TMRA_StructInit                          0x00015c65   Thumb Code    30  hc32_ll_tmra.o(i.TMRA_StructInit)
    Text_Widget                              0x00015c83   Thumb Code   146  text.o(i.Text_Widget)
    TmrAConfig                               0x00015d15   Thumb Code   128  encodtima.o(i.TmrAConfig)
    USART_FuncCmd                            0x00015fe1   Thumb Code    98  hc32_ll_usart.o(i.USART_FuncCmd)
    USART_SetBaudrate                        0x00016089   Thumb Code   362  hc32_ll_usart.o(i.USART_SetBaudrate)
    USART_SetClockDiv                        0x00016275   Thumb Code    74  hc32_ll_usart.o(i.USART_SetClockDiv)
    USART_UART_Init                          0x00016305   Thumb Code   342  hc32_ll_usart.o(i.USART_UART_Init)
    USART_UART_StructInit                    0x000164a1   Thumb Code    44  hc32_ll_usart.o(i.USART_UART_StructInit)
    V_I2C_Init                               0x000164cd   Thumb Code    76  i2c.o(i.V_I2C_Init)
    Wave_Widget                              0x00016535   Thumb Code   240  wave.o(i.Wave_Widget)
    __0printf                                0x00016645   Thumb Code    22  printfa.o(i.__0printf)
    __1printf                                0x00016645   Thumb Code     0  printfa.o(i.__0printf)
    __2printf                                0x00016645   Thumb Code     0  printfa.o(i.__0printf)
    __c89printf                              0x00016645   Thumb Code     0  printfa.o(i.__0printf)
    printf                                   0x00016645   Thumb Code     0  printfa.o(i.__0printf)
    __0sprintf                               0x00016665   Thumb Code    34  printfa.o(i.__0sprintf)
    __1sprintf                               0x00016665   Thumb Code     0  printfa.o(i.__0sprintf)
    __2sprintf                               0x00016665   Thumb Code     0  printfa.o(i.__0sprintf)
    __c89sprintf                             0x00016665   Thumb Code     0  printfa.o(i.__0sprintf)
    sprintf                                  0x00016665   Thumb Code     0  printfa.o(i.__0sprintf)
    __scatterload_copy                       0x0001668d   Thumb Code    14  handlers.o(i.__scatterload_copy)
    __scatterload_null                       0x0001669b   Thumb Code     2  handlers.o(i.__scatterload_null)
    __scatterload_zeroinit                   0x0001669d   Thumb Code    14  handlers.o(i.__scatterload_zeroinit)
    cm_backtrace_call_stack                  0x00016f69   Thumb Code   168  cm_backtrace.o(i.cm_backtrace_call_stack)
    cm_backtrace_fault                       0x00017019   Thumb Code   414  cm_backtrace.o(i.cm_backtrace_fault)
    cm_backtrace_firmware_info               0x00017275   Thumb Code    30  cm_backtrace.o(i.cm_backtrace_firmware_info)
    fputc                                    0x000175d1   Thumb Code    22  hc32_ll_utility.o(i.fputc)
    $Super$$main                             0x000175e9   Thumb Code   158  main.o(i.main)
    tv5725_chip_reset                        0x00017745   Thumb Code   222  tv5725.o(i.tv5725_chip_reset)
    tv5725_get_chip_id                       0x00017829   Thumb Code    14  tv5725.o(i.tv5725_get_chip_id)
    tv5725_init                              0x00017911   Thumb Code    34  tv5725.o(i.tv5725_init)
    tv5725_input_path_init                   0x0001794d   Thumb Code   246  tv5725.o(i.tv5725_input_path_init)
    tv5725_output_path_init                  0x00017a49   Thumb Code   410  tv5725.o(i.tv5725_output_path_init)
    tv5725_read_buf                          0x00017be9   Thumb Code    26  tv5725.o(i.tv5725_read_buf)
    tv5725_reg_read                          0x00017c03   Thumb Code    88  tv5725.o(i.tv5725_reg_read)
    tv5725_reg_write                         0x00017c5b   Thumb Code   198  tv5725.o(i.tv5725_reg_write)
    tv5725_set_segment                       0x00017d21   Thumb Code    34  tv5725.o(i.tv5725_set_segment)
    tv5725_write_buf                         0x00017d49   Thumb Code    86  tv5725.o(i.tv5725_write_buf)
    tv5725_write_byte                        0x00017d9f   Thumb Code    28  tv5725.o(i.tv5725_write_byte)
    tv5725_write_seg_byte                    0x00017dbb   Thumb Code     4  tv5725.o(i.tv5725_write_seg_byte)
    u8g2Init                                 0x00017dc1   Thumb Code    80  hc32_u8g2.o(i.u8g2Init)
    u8g2_ClearBuffer                         0x00017e1d   Thumb Code    20  u8g2_buffer.o(i.u8g2_ClearBuffer)
    u8g2_DrawBox                             0x00017e31   Thumb Code    68  u8g2_box.o(i.u8g2_DrawBox)
    u8g2_DrawDisc                            0x00017e75   Thumb Code    64  u8g2_circle.o(i.u8g2_DrawDisc)
    u8g2_DrawFrame                           0x00017eb5   Thumb Code   136  u8g2_box.o(i.u8g2_DrawFrame)
    u8g2_DrawGlyph                           0x00017f3d   Thumb Code   112  u8g2_font.o(i.u8g2_DrawGlyph)
    u8g2_DrawHVLine                          0x00017fad   Thumb Code   170  u8g2_hvline.o(i.u8g2_DrawHVLine)
    u8g2_DrawHXBMP                           0x00018057   Thumb Code   144  u8g2_bitmap.o(i.u8g2_DrawHXBMP)
    u8g2_DrawLine                            0x000180e7   Thumb Code   170  u8g2_line.o(i.u8g2_DrawLine)
    u8g2_DrawPixel                           0x00018191   Thumb Code    46  u8g2_hvline.o(i.u8g2_DrawPixel)
    u8g2_DrawRBox                            0x000181bf   Thumb Code   230  u8g2_box.o(i.u8g2_DrawRBox)
    u8g2_DrawStr                             0x000182a5   Thumb Code    12  u8g2_font.o(i.u8g2_DrawStr)
    u8g2_DrawVLine                           0x000182b5   Thumb Code    12  u8g2_hvline.o(i.u8g2_DrawVLine)
    u8g2_DrawXBMP                            0x000182c1   Thumb Code    78  u8g2_bitmap.o(i.u8g2_DrawXBMP)
    u8g2_IsIntersection                      0x0001830f   Thumb Code    48  u8g2_intersection.o(i.u8g2_IsIntersection)
    u8g2_SendBuffer                          0x0001833f   Thumb Code    18  u8g2_buffer.o(i.u8g2_SendBuffer)
    u8g2_SetDrawColor                        0x00018351   Thumb Code    16  u8g2_hvline.o(i.u8g2_SetDrawColor)
    u8g2_SetFont                             0x00018361   Thumb Code    32  u8g2_font.o(i.u8g2_SetFont)
    u8g2_SetFontPosBaseline                  0x00018381   Thumb Code     6  u8g2_font.o(i.u8g2_SetFontPosBaseline)
    u8g2_SetMaxClipWindow                    0x0001838d   Thumb Code    28  u8g2_setup.o(i.u8g2_SetMaxClipWindow)
    u8g2_SetupBuffer                         0x000183a9   Thumb Code    70  u8g2_setup.o(i.u8g2_SetupBuffer)
    u8g2_Setup_ssd1306_i2c_128x64_noname_f   0x000183f1   Thumb Code    42  u8g2_d_setup.o(i.u8g2_Setup_ssd1306_i2c_128x64_noname_f)
    u8g2_UpdateRefHeight                     0x00018429   Thumb Code    82  u8g2_font.o(i.u8g2_UpdateRefHeight)
    u8g2_add_vector_x                        0x0001847b   Thumb Code    28  u8g2_font.o(i.u8g2_add_vector_x)
    u8g2_add_vector_y                        0x00018497   Thumb Code    28  u8g2_font.o(i.u8g2_add_vector_y)
    u8g2_draw_hv_line_2dir                   0x00018693   Thumb Code    18  u8g2_hvline.o(i.u8g2_draw_hv_line_2dir)
    u8g2_draw_l90_r0                         0x000186a5   Thumb Code    12  u8g2_setup.o(i.u8g2_draw_l90_r0)
    u8g2_font_calc_vref_font                 0x0001871d   Thumb Code     4  u8g2_font.o(i.u8g2_font_calc_vref_font)
    u8g2_font_decode_get_signed_bits         0x00018721   Thumb Code    20  u8g2_font.o(i.u8g2_font_decode_get_signed_bits)
    u8g2_font_decode_get_unsigned_bits       0x00018735   Thumb Code    52  u8g2_font.o(i.u8g2_font_decode_get_unsigned_bits)
    u8g2_font_decode_glyph                   0x00018769   Thumb Code   274  u8g2_font.o(i.u8g2_font_decode_glyph)
    u8g2_font_decode_len                     0x0001887b   Thumb Code   138  u8g2_font.o(i.u8g2_font_decode_len)
    u8g2_font_get_glyph_data                 0x00018905   Thumb Code   114  u8g2_font.o(i.u8g2_font_get_glyph_data)
    u8g2_is_intersection_decision_tree       0x000189bf   Thumb Code    24  u8g2_intersection.o(i.u8g2_is_intersection_decision_tree)
    u8g2_ll_hvline_vertical_top_lsb          0x000189d7   Thumb Code   142  u8g2_ll_hvline.o(i.u8g2_ll_hvline_vertical_top_lsb)
    u8g2_m_16_8_f                            0x00018a65   Thumb Code     8  u8g2_d_memory.o(i.u8g2_m_16_8_f)
    u8g2_read_font_info                      0x00018a71   Thumb Code   106  u8g2_font.o(i.u8g2_read_font_info)
    u8g2_update_dimension_r0                 0x00018b6d   Thumb Code     4  u8g2_setup.o(i.u8g2_update_dimension_r0)
    u8g2_update_page_win_r0                  0x00018b71   Thumb Code    34  u8g2_setup.o(i.u8g2_update_page_win_r0)
    u8x8_DrawTile                            0x00018b93   Thumb Code    30  u8x8_display.o(i.u8x8_DrawTile)
    u8x8_InitDisplay                         0x00018bb1   Thumb Code    16  u8x8_display.o(i.u8x8_InitDisplay)
    u8x8_RefreshDisplay                      0x00018bc1   Thumb Code    16  u8x8_display.o(i.u8x8_RefreshDisplay)
    u8x8_SetPowerSave                        0x00018bd1   Thumb Code    16  u8x8_display.o(i.u8x8_SetPowerSave)
    u8x8_Setup                               0x00018be1   Thumb Code    34  u8x8_setup.o(i.u8x8_Setup)
    u8x8_SetupDefaults                       0x00018c05   Thumb Code    32  u8x8_setup.o(i.u8x8_SetupDefaults)
    u8x8_SetupMemory                         0x00018c29   Thumb Code    16  u8x8_display.o(i.u8x8_SetupMemory)
    u8x8_ascii_next                          0x00018c39   Thumb Code    14  u8x8_8x8.o(i.u8x8_ascii_next)
    u8x8_byte_EndTransfer                    0x00018c47   Thumb Code    16  u8x8_byte.o(i.u8x8_byte_EndTransfer)
    u8x8_byte_SendByte                       0x00018c57   Thumb Code    12  u8x8_byte.o(i.u8x8_byte_SendByte)
    u8x8_byte_SendBytes                      0x00018c63   Thumb Code    16  u8x8_byte.o(i.u8x8_byte_SendBytes)
    u8x8_byte_StartTransfer                  0x00018c73   Thumb Code    16  u8x8_byte.o(i.u8x8_byte_StartTransfer)
    u8x8_cad_EndTransfer                     0x00018d95   Thumb Code    16  u8x8_cad.o(i.u8x8_cad_EndTransfer)
    u8x8_cad_SendArg                         0x00018da5   Thumb Code    16  u8x8_cad.o(i.u8x8_cad_SendArg)
    u8x8_cad_SendCmd                         0x00018db5   Thumb Code    16  u8x8_cad.o(i.u8x8_cad_SendCmd)
    u8x8_cad_SendData                        0x00018dc5   Thumb Code    16  u8x8_cad.o(i.u8x8_cad_SendData)
    u8x8_cad_SendSequence                    0x00018dd5   Thumb Code   102  u8x8_cad.o(i.u8x8_cad_SendSequence)
    u8x8_cad_StartTransfer                   0x00018e3b   Thumb Code    16  u8x8_cad.o(i.u8x8_cad_StartTransfer)
    u8x8_cad_ssd13xx_fast_i2c                0x00018e4d   Thumb Code   182  u8x8_cad.o(i.u8x8_cad_ssd13xx_fast_i2c)
    u8x8_d_helper_display_init               0x00018f09   Thumb Code    96  u8x8_display.o(i.u8x8_d_helper_display_init)
    u8x8_d_helper_display_setup_memory       0x00018f69   Thumb Code    10  u8x8_display.o(i.u8x8_d_helper_display_setup_memory)
    u8x8_d_ssd1306_128x64_noname             0x00018f75   Thumb Code    52  u8x8_d_ssd1306_128x64_noname.o(i.u8x8_d_ssd1306_128x64_noname)
    u8x8_dummy_cb                            0x00019079   Thumb Code     4  u8x8_setup.o(i.u8x8_dummy_cb)
    u8x8_gpio_call                           0x000190c9   Thumb Code    12  u8x8_gpio.o(i.u8x8_gpio_call)
    u8x8_utf8_init                           0x00019101   Thumb Code     8  u8x8_8x8.o(i.u8x8_utf8_init)
    logo_settings_02_stroke_rounded          0x000192f8   Data         120  image.o(.constdata)
    ikun                                     0x00019370   Data         120  image.o(.constdata)
    color                                    0x000193e8   Data         120  image.o(.constdata)
    Screen                                   0x00019460   Data         120  image.o(.constdata)
    Input                                    0x000194d8   Data         120  image.o(.constdata)
    Load                                     0x00019550   Data         120  image.o(.constdata)
    Up                                       0x000195c8   Data         120  image.o(.constdata)
    Move                                     0x00019640   Data         120  image.o(.constdata)
    Presets_Logo                             0x000196b8   Data         120  menu.o(.constdata)
    logo                                     0x00019730   Data         512  application.o(.constdata)
    u8g2_font_profont12_mf                   0x00019930   Data        2911  u8g2_fonts.o(.constdata)
    u8g2_cb_r0                               0x0001a490   Data          12  u8g2_setup.o(.constdata)
    Region$$Table$$Base                      0x0001ad3c   Number         0  anon$$obj.o(Region$$Table)
    Image$$ER_IROM1$$Limit                   0x0001ad5c   Number         0  anon$$obj.o ABSOLUTE
    Region$$Table$$Limit                     0x0001ad5c   Number         0  anon$$obj.o(Region$$Table)
    SystemCoreClock                          0x1fff8010   Data           4  system_hc32f460.o(.data)
    HRC_VALUE                                0x1fff8014   Data           4  system_hc32f460.o(.data)
    led_state                                0x1fff8018   Data           1  ev_hc32f460_lqfp100_v2.o(.data)
    led_sw                                   0x1fff8019   Data           1  ev_hc32f460_lqfp100_v2.o(.data)
    g_u16_sys_timer                          0x1fff801c   Data           2  ev_hc32f460_lqfp100_v2.o(.data)
    g_u16_key_timer                          0x1fff801e   Data           2  ev_hc32f460_lqfp100_v2.o(.data)
    g_u16_mis_timer                          0x1fff8020   Data           2  ev_hc32f460_lqfp100_v2.o(.data)
    g_u16_osd_timer                          0x1fff8022   Data           2  ev_hc32f460_lqfp100_v2.o(.data)
    g_u16_led_timer                          0x1fff8024   Data           2  ev_hc32f460_lqfp100_v2.o(.data)
    m_u8SpeedUpd                             0x1fff8030   Data           1  main.o(.data)
    logo_allArray                            0x1fff8034   Data          40  image.o(.data)
    __stdout                                 0x1fff80c0   Data           4  stdout.o(.data)
    menu                                     0x1fff82c4   Data         216  main.o(.bss)
    Home_Page                                0x1fff8444   Data          48  menuconfig.o(.bss)
    Input_Page                               0x1fff8474   Data          48  menuconfig.o(.bss)
    Format_Page                              0x1fff84a4   Data          48  menuconfig.o(.bss)
    Color_Page                               0x1fff84d4   Data          48  menuconfig.o(.bss)
    Screen_Page                              0x1fff8504   Data          48  menuconfig.o(.bss)
    OutPut_Page                              0x1fff8534   Data          48  menuconfig.o(.bss)
    HomeHead_Item                            0x1fff8564   Data          52  menuconfig.o(.bss)
    InputHead_Item                           0x1fff8598   Data          52  menuconfig.o(.bss)
    ColorHead_Item                           0x1fff85cc   Data          52  menuconfig.o(.bss)
    FormatHead_Item                          0x1fff8600   Data          52  menuconfig.o(.bss)
    ScreenHead_Item                          0x1fff8634   Data          52  menuconfig.o(.bss)
    OutPutHead_Item                          0x1fff8668   Data          52  menuconfig.o(.bss)
    Input_Item                               0x1fff869c   Data          52  menuconfig.o(.bss)
    Color_Item                               0x1fff86d0   Data          52  menuconfig.o(.bss)
    Format_Item                              0x1fff8704   Data          52  menuconfig.o(.bss)
    Screen_Item                              0x1fff8738   Data          52  menuconfig.o(.bss)
    OutPut_Item                              0x1fff876c   Data          52  menuconfig.o(.bss)
    SV_Item                                  0x1fff87a0   Data          52  menuconfig.o(.bss)
    CVBS_Item                                0x1fff87d4   Data          52  menuconfig.o(.bss)
    RGB0_Item                                0x1fff8808   Data          52  menuconfig.o(.bss)
    RGB1_Item                                0x1fff883c   Data          52  menuconfig.o(.bss)
    YUV_Item                                 0x1fff8870   Data          52  menuconfig.o(.bss)
    VGA_Item                                 0x1fff88a4   Data          52  menuconfig.o(.bss)
    Auto_Item                                0x1fff88d8   Data          52  menuconfig.o(.bss)
    Ntsc_Item                                0x1fff890c   Data          52  menuconfig.o(.bss)
    Ntsc443_Item                             0x1fff8940   Data          52  menuconfig.o(.bss)
    Pal_Item                                 0x1fff8974   Data          52  menuconfig.o(.bss)
    Pal_M_Item                               0x1fff89a8   Data          52  menuconfig.o(.bss)
    Secam_Item                               0x1fff89dc   Data          52  menuconfig.o(.bss)
    Brightness_Item                          0x1fff8a10   Data          52  menuconfig.o(.bss)
    Contrast_Item                            0x1fff8a44   Data          52  menuconfig.o(.bss)
    Saturation_Item                          0x1fff8a78   Data          52  menuconfig.o(.bss)
    Hues_Item                                0x1fff8aac   Data          52  menuconfig.o(.bss)
    LeftAndRight_Item                        0x1fff8ae0   Data          52  menuconfig.o(.bss)
    UpAndDown_Item                           0x1fff8b14   Data          52  menuconfig.o(.bss)
    Resolution720_4_Item                     0x1fff8b48   Data          52  menuconfig.o(.bss)
    Resolution720_16_Item                    0x1fff8b7c   Data          52  menuconfig.o(.bss)
    Resolution1080_4_Item                    0x1fff8bb0   Data          52  menuconfig.o(.bss)
    Resolution1080_16_Item                   0x1fff8be4   Data          52  menuconfig.o(.bss)
    Save_Item                                0x1fff8c18   Data          52  menuconfig.o(.bss)
    Load_Item                                0x1fff8c4c   Data          52  menuconfig.o(.bss)
    buffer                                   0x1fff8c80   Data         128  wave.o(.bss)
    u8g2                                     0x1fff8d00   Data         148  dispdirver.o(.bss)
    STACK$$Base                              0x1fff9360   Number         0  startup_hc32f460.o(STACK)
    STACK$$Limit                             0x1fff9f60   Number         0  startup_hc32f460.o(STACK)
    __initial_sp                             0x1fff9f60   Data           0  startup_hc32f460.o(STACK)



==============================================================================

Memory Map of the image

  Image Entry point : 0x00010281

  Load Region LR_IROM1 (Base: 0x00010000, Size: 0x0000ae20, Max: 0x00060000, ABSOLUTE)

    Execution Region ER_IROM1 (Exec base: 0x00010000, Load base: 0x00010000, Size: 0x0000ad5c, Max: 0x00060000, ABSOLUTE)

    Exec Addr    Load Addr    Size         Type   Attr      Idx    E Section Name        Object

    0x00010000   0x00010000   0x00000280   Data   RO         3363    RESET               startup_hc32f460.o
    0x00010280   0x00010280   0x00000000   Code   RO         7333  * .ARM.Collect$$$$00000000  mc_w.l(entry.o)
    0x00010280   0x00010280   0x00000004   Code   RO         7622    .ARM.Collect$$$$00000001  mc_w.l(entry2.o)
    0x00010284   0x00010284   0x00000004   Code   RO         7625    .ARM.Collect$$$$00000004  mc_w.l(entry5.o)
    0x00010288   0x00010288   0x00000000   Code   RO         7627    .ARM.Collect$$$$00000008  mc_w.l(entry7b.o)
    0x00010288   0x00010288   0x00000000   Code   RO         7629    .ARM.Collect$$$$0000000A  mc_w.l(entry8b.o)
    0x00010288   0x00010288   0x00000008   Code   RO         7630    .ARM.Collect$$$$0000000B  mc_w.l(entry9a.o)
    0x00010290   0x00010290   0x00000000   Code   RO         7632    .ARM.Collect$$$$0000000D  mc_w.l(entry10a.o)
    0x00010290   0x00010290   0x00000000   Code   RO         7634    .ARM.Collect$$$$0000000F  mc_w.l(entry11a.o)
    0x00010290   0x00010290   0x00000004   Code   RO         7623    .ARM.Collect$$$$00002712  mc_w.l(entry2.o)
    0x00010294   0x00010294   0x00000058   Code   RO         3364    .text               startup_hc32f460.o
    0x000102ec   0x000102ec   0x0000000c   Code   RO         7329    .text               cmb_fault.o
    0x000102f8   0x000102f8   0x00000062   Code   RO         7336    .text               mc_w.l(uldiv.o)
    0x0001035a   0x0001035a   0x00000002   PAD
    0x0001035c   0x0001035c   0x00000024   Code   RO         7338    .text               mc_w.l(rand.o)
    0x00010380   0x00010380   0x00000024   Code   RO         7341    .text               mc_w.l(memcpya.o)
    0x000103a4   0x000103a4   0x00000024   Code   RO         7343    .text               mc_w.l(memseta.o)
    0x000103c8   0x000103c8   0x0000000e   Code   RO         7347    .text               mc_w.l(strlen.o)
    0x000103d6   0x000103d6   0x000000de   Code   RO         7612    .text               mf_w.l(ddiv.o)
    0x000104b4   0x000104b4   0x0000001a   Code   RO         7614    .text               mf_w.l(dfltui.o)
    0x000104ce   0x000104ce   0x00000018   Code   RO         7616    .text               mf_w.l(dfltul.o)
    0x000104e6   0x000104e6   0x00000026   Code   RO         7618    .text               mf_w.l(f2d.o)
    0x0001050c   0x0001050c   0x00000038   Code   RO         7620    .text               mf_w.l(d2f.o)
    0x00010544   0x00010544   0x0000002c   Code   RO         7637    .text               mc_w.l(uidiv.o)
    0x00010570   0x00010570   0x0000001e   Code   RO         7639    .text               mc_w.l(llshl.o)
    0x0001058e   0x0001058e   0x00000020   Code   RO         7641    .text               mc_w.l(llushr.o)
    0x000105ae   0x000105ae   0x00000000   Code   RO         7643    .text               mc_w.l(iusefp.o)
    0x000105ae   0x000105ae   0x0000006e   Code   RO         7644    .text               mf_w.l(fepilogue.o)
    0x0001061c   0x0001061c   0x000000ba   Code   RO         7646    .text               mf_w.l(depilogue.o)
    0x000106d6   0x000106d6   0x0000014e   Code   RO         7648    .text               mf_w.l(dadd.o)
    0x00010824   0x00010824   0x000000e4   Code   RO         7650    .text               mf_w.l(dmul.o)
    0x00010908   0x00010908   0x00000030   Code   RO         7652    .text               mf_w.l(dfixul.o)
    0x00010938   0x00010938   0x00000030   Code   RO         7654    .text               mf_w.l(cdrcmple.o)
    0x00010968   0x00010968   0x00000024   Code   RO         7656    .text               mc_w.l(init.o)
    0x0001098c   0x0001098c   0x00000024   Code   RO         7658    .text               mc_w.l(llsshr.o)
    0x000109b0   0x000109b0   0x0000000e   Code   RO         3322    i.$Sub$$main        system_hc32f460.o
    0x000109be   0x000109be   0x00000002   PAD
    0x000109c0   0x000109c0   0x000000b8   Code   RO         3789    i.AddItem           menu.o
    0x00010a78   0x00010a78   0x00000010   Code   RO         3790    i.AddPage           menu.o
    0x00010a88   0x00010a88   0x000000a8   Code   RO         3372    i.BSP_CLK_Init      ev_hc32f460_lqfp100_v2.o
    0x00010b30   0x00010b30   0x00000032   Code   RO         3373    i.BSP_LED_Init      ev_hc32f460_lqfp100_v2.o
    0x00010b62   0x00010b62   0x0000002e   Code   RO         3374    i.BSP_LED_Off       ev_hc32f460_lqfp100_v2.o
    0x00010b90   0x00010b90   0x0000004c   Code   RO         3376    i.BSP_LED_Sw        ev_hc32f460_lqfp100_v2.o
    0x00010bdc   0x00010bdc   0x0000002e   Code   RO         3377    i.BSP_LED_Toggle    ev_hc32f460_lqfp100_v2.o
    0x00010c0a   0x00010c0a   0x00000002   PAD
    0x00010c0c   0x00010c0c   0x00000090   Code   RO         3378    i.BSP_PRINTF_Preinit  ev_hc32f460_lqfp100_v2.o
    0x00010c9c   0x00010c9c   0x0000007c   Code   RO         3791    i.BtnScan           menu.o
    0x00010d18   0x00010d18   0x00000010   Code   RO          136    i.CLK_Delay         hc32_ll_clk.o
    0x00010d28   0x00010d28   0x00000058   Code   RO          140    i.CLK_GetStableStatus  hc32_ll_clk.o
    0x00010d80   0x00010d80   0x000000ac   Code   RO          150    i.CLK_PLLCmd        hc32_ll_clk.o
    0x00010e2c   0x00010e2c   0x000001c8   Code   RO          151    i.CLK_PLLInit       hc32_ll_clk.o
    0x00010ff4   0x00010ff4   0x00000030   Code   RO          152    i.CLK_PLLStructInit  hc32_ll_clk.o
    0x00011024   0x00011024   0x0000000e   Code   RO          156    i.CLK_SetClockDiv   hc32_ll_clk.o
    0x00011032   0x00011032   0x0000000e   Code   RO          160    i.CLK_SetSysClockSrc  hc32_ll_clk.o
    0x00011040   0x00011040   0x0000002c   Code   RO          164    i.CLK_WaitStable    hc32_ll_clk.o
    0x0001106c   0x0001106c   0x000000a4   Code   RO          168    i.CLK_XtalCmd       hc32_ll_clk.o
    0x00011110   0x00011110   0x00000100   Code   RO          169    i.CLK_XtalInit      hc32_ll_clk.o
    0x00011210   0x00011210   0x00000020   Code   RO          172    i.CLK_XtalStructInit  hc32_ll_clk.o
    0x00011230   0x00011230   0x000000e8   Code   RO         3792    i.Calculate_Cursor  menu.o
    0x00011318   0x00011318   0x0000011c   Code   RO         3793    i.Calculate_Menu_xy  menu.o
    0x00011434   0x00011434   0x00000138   Code   RO         2081    i.ClockSync_CalculateDivFraction  hc32_ll_usart.o
    0x0001156c   0x0001156c   0x000000c8   Code   RO         2082    i.ClockSync_CalculateDivInteger  hc32_ll_usart.o
    0x00011634   0x00011634   0x000000bc   Code   RO         3794    i.Create_Menu       menu.o
    0x000116f0   0x000116f0   0x00000478   Code   RO         3951    i.Create_MenuTree   menuconfig.o
    0x00011b68   0x00011b68   0x00000160   Code   RO         3952    i.Create_Parameter  menuconfig.o
    0x00011cc8   0x00011cc8   0x00000002   Code   RO         3953    i.Create_Text       menuconfig.o
    0x00011cca   0x00011cca   0x0000000c   Code   RO         3795    i.Create_element    menu.o
    0x00011cd6   0x00011cd6   0x00000002   PAD
    0x00011cd8   0x00011cd8   0x0000003c   Code   RO         2351    i.DDL_AssertHandler  hc32_ll_utility.o
    0x00011d14   0x00011d14   0x00000040   Code   RO         2352    i.DDL_ConsoleOutputChar  hc32_ll_utility.o
    0x00011d54   0x00011d54   0x00000038   Code   RO         2353    i.DDL_DelayMS       hc32_ll_utility.o
    0x00011d8c   0x00011d8c   0x00000038   Code   RO         2354    i.DDL_DelayUS       hc32_ll_utility.o
    0x00011dc4   0x00011dc4   0x0000007e   Code   RO         3796    i.DialogScale_Show  menu.o
    0x00011e42   0x00011e42   0x00000002   PAD
    0x00011e44   0x00011e44   0x0000000c   Code   RO         4037    i.Disp_Init         dispdirver.o
    0x00011e50   0x00011e50   0x0000006e   Code   RO         3797    i.Draw_DialogBox    menu.o
    0x00011ebe   0x00011ebe   0x00000002   PAD
    0x00011ec0   0x00011ec0   0x00000084   Code   RO         4436    i.Draw_Home         application.o
    0x00011f44   0x00011f44   0x000000ac   Code   RO         3799    i.Draw_ImagePage    menu.o
    0x00011ff0   0x00011ff0   0x0000006c   Code   RO         3800    i.Draw_ImagePage_OptionPlace  menu.o
    0x0001205c   0x0001205c   0x0000019c   Code   RO         3801    i.Draw_Menu         menu.o
    0x000121f8   0x000121f8   0x0000018c   Code   RO         3802    i.Draw_Scrollbar    menu.o
    0x00012384   0x00012384   0x00000144   Code   RO         3803    i.Draw_TextPage     menu.o
    0x000124c8   0x000124c8   0x00000050   Code   RO          404    i.EFM_FWMC_Cmd      hc32_ll_efm.o
    0x00012518   0x00012518   0x000000ac   Code   RO          427    i.EFM_SetWaitCycle  hc32_ll_efm.o
    0x000125c4   0x000125c4   0x0000007c   Code   RO         2480    i.FCG_Fcg0PeriphClockCmd  hc32_ll_fcg.o
    0x00012640   0x00012640   0x0000006c   Code   RO         2481    i.FCG_Fcg1PeriphClockCmd  hc32_ll_fcg.o
    0x000126ac   0x000126ac   0x0000006c   Code   RO         2482    i.FCG_Fcg2PeriphClockCmd  hc32_ll_fcg.o
    0x00012718   0x00012718   0x00000098   Code   RO          617    i.GPIO_AnalogCmd    hc32_ll_gpio.o
    0x000127b0   0x000127b0   0x00000194   Code   RO          619    i.GPIO_Init         hc32_ll_gpio.o
    0x00012944   0x00012944   0x00000078   Code   RO          622    i.GPIO_ReadInputPins  hc32_ll_gpio.o
    0x000129bc   0x000129bc   0x00000074   Code   RO          626    i.GPIO_ResetPins    hc32_ll_gpio.o
    0x00012a30   0x00012a30   0x000000b8   Code   RO          628    i.GPIO_SetFunc      hc32_ll_gpio.o
    0x00012ae8   0x00012ae8   0x00000074   Code   RO          629    i.GPIO_SetPins      hc32_ll_gpio.o
    0x00012b5c   0x00012b5c   0x0000007c   Code   RO          630    i.GPIO_SetReadWaitCycle  hc32_ll_gpio.o
    0x00012bd8   0x00012bd8   0x00000022   Code   RO          632    i.GPIO_StructInit   hc32_ll_gpio.o
    0x00012bfa   0x00012bfa   0x00000002   PAD
    0x00012bfc   0x00012bfc   0x00000074   Code   RO          634    i.GPIO_TogglePins   hc32_ll_gpio.o
    0x00012c70   0x00012c70   0x00000080   Code   RO         2654    i.I2C_AckConfig     hc32_ll_i2c.o
    0x00012cf0   0x00012cf0   0x000001cc   Code   RO         2656    i.I2C_BaudrateConfig  hc32_ll_i2c.o
    0x00012ebc   0x00012ebc   0x00000080   Code   RO         2657    i.I2C_BusWaitCmd    hc32_ll_i2c.o
    0x00012f3c   0x00012f3c   0x00000078   Code   RO         2658    i.I2C_ClearStatus   hc32_ll_i2c.o
    0x00012fb4   0x00012fb4   0x00000078   Code   RO         2659    i.I2C_Cmd           hc32_ll_i2c.o
    0x0001302c   0x0001302c   0x00000070   Code   RO         2660    i.I2C_DeInit        hc32_ll_i2c.o
    0x0001309c   0x0001309c   0x00000064   Code   RO         2665    i.I2C_GenerateRestart  hc32_ll_i2c.o
    0x00013100   0x00013100   0x00000064   Code   RO         2666    i.I2C_GenerateStart  hc32_ll_i2c.o
    0x00013164   0x00013164   0x00000064   Code   RO         2667    i.I2C_GenerateStop  hc32_ll_i2c.o
    0x000131c8   0x000131c8   0x00000080   Code   RO         2668    i.I2C_GetStatus     hc32_ll_i2c.o
    0x00013248   0x00013248   0x000000cc   Code   RO         2669    i.I2C_Init          hc32_ll_i2c.o
    0x00013314   0x00013314   0x000000f8   Code   RO         2671    i.I2C_MasterReceiveDataAndStop  hc32_ll_i2c.o
    0x0001340c   0x0001340c   0x00000078   Code   RO         3594    i.I2C_Master_Transmit  i2c.o
    0x00013484   0x00013484   0x00000064   Code   RO         2672    i.I2C_ReadData      hc32_ll_i2c.o
    0x000134e8   0x000134e8   0x00000080   Code   RO         2674    i.I2C_Restart       hc32_ll_i2c.o
    0x00013568   0x00013568   0x00000078   Code   RO         2680    i.I2C_SWResetCmd    hc32_ll_i2c.o
    0x000135e0   0x000135e0   0x0000008c   Code   RO         2684    i.I2C_Start         hc32_ll_i2c.o
    0x0001366c   0x0001366c   0x00000090   Code   RO         2685    i.I2C_Stop          hc32_ll_i2c.o
    0x000136fc   0x000136fc   0x0000001a   Code   RO         2686    i.I2C_StructInit    hc32_ll_i2c.o
    0x00013716   0x00013716   0x00000002   PAD
    0x00013718   0x00013718   0x00000140   Code   RO         2687    i.I2C_Trans10BitAddr  hc32_ll_i2c.o
    0x00013858   0x00013858   0x000000d0   Code   RO         2688    i.I2C_TransAddr     hc32_ll_i2c.o
    0x00013928   0x00013928   0x000000bc   Code   RO         2689    i.I2C_TransData     hc32_ll_i2c.o
    0x000139e4   0x000139e4   0x000000ac   Code   RO         2690    i.I2C_WaitStatus    hc32_ll_i2c.o
    0x00013a90   0x00013a90   0x00000064   Code   RO         2691    i.I2C_WriteData     hc32_ll_i2c.o
    0x00013af4   0x00013af4   0x000000c8   Code   RO          760    i.INTC_IrqSignIn    hc32_ll_interrupts.o
    0x00013bbc   0x00013bbc   0x0000000c   Code   RO          765    i.IRQ000_Handler    hc32_ll_interrupts.o
    0x00013bc8   0x00013bc8   0x0000000c   Code   RO          766    i.IRQ001_Handler    hc32_ll_interrupts.o
    0x00013bd4   0x00013bd4   0x0000000c   Code   RO          767    i.IRQ002_Handler    hc32_ll_interrupts.o
    0x00013be0   0x00013be0   0x0000000c   Code   RO          768    i.IRQ003_Handler    hc32_ll_interrupts.o
    0x00013bec   0x00013bec   0x0000000c   Code   RO          769    i.IRQ004_Handler    hc32_ll_interrupts.o
    0x00013bf8   0x00013bf8   0x0000000c   Code   RO          770    i.IRQ005_Handler    hc32_ll_interrupts.o
    0x00013c04   0x00013c04   0x0000000c   Code   RO          771    i.IRQ006_Handler    hc32_ll_interrupts.o
    0x00013c10   0x00013c10   0x0000000c   Code   RO          772    i.IRQ007_Handler    hc32_ll_interrupts.o
    0x00013c1c   0x00013c1c   0x0000000c   Code   RO          773    i.IRQ008_Handler    hc32_ll_interrupts.o
    0x00013c28   0x00013c28   0x0000000c   Code   RO          774    i.IRQ009_Handler    hc32_ll_interrupts.o
    0x00013c34   0x00013c34   0x0000000c   Code   RO          775    i.IRQ010_Handler    hc32_ll_interrupts.o
    0x00013c40   0x00013c40   0x0000000c   Code   RO          776    i.IRQ011_Handler    hc32_ll_interrupts.o
    0x00013c4c   0x00013c4c   0x0000000c   Code   RO          777    i.IRQ012_Handler    hc32_ll_interrupts.o
    0x00013c58   0x00013c58   0x0000000c   Code   RO          778    i.IRQ013_Handler    hc32_ll_interrupts.o
    0x00013c64   0x00013c64   0x0000000c   Code   RO          779    i.IRQ014_Handler    hc32_ll_interrupts.o
    0x00013c70   0x00013c70   0x0000000c   Code   RO          780    i.IRQ015_Handler    hc32_ll_interrupts.o
    0x00013c7c   0x00013c7c   0x0000000c   Code   RO          781    i.IRQ016_Handler    hc32_ll_interrupts.o
    0x00013c88   0x00013c88   0x0000000c   Code   RO          782    i.IRQ017_Handler    hc32_ll_interrupts.o
    0x00013c94   0x00013c94   0x0000000c   Code   RO          783    i.IRQ018_Handler    hc32_ll_interrupts.o
    0x00013ca0   0x00013ca0   0x0000000c   Code   RO          784    i.IRQ019_Handler    hc32_ll_interrupts.o
    0x00013cac   0x00013cac   0x0000000c   Code   RO          785    i.IRQ020_Handler    hc32_ll_interrupts.o
    0x00013cb8   0x00013cb8   0x0000000c   Code   RO          786    i.IRQ021_Handler    hc32_ll_interrupts.o
    0x00013cc4   0x00013cc4   0x0000000c   Code   RO          787    i.IRQ022_Handler    hc32_ll_interrupts.o
    0x00013cd0   0x00013cd0   0x0000000c   Code   RO          788    i.IRQ023_Handler    hc32_ll_interrupts.o
    0x00013cdc   0x00013cdc   0x0000000c   Code   RO          789    i.IRQ024_Handler    hc32_ll_interrupts.o
    0x00013ce8   0x00013ce8   0x0000000c   Code   RO          790    i.IRQ025_Handler    hc32_ll_interrupts.o
    0x00013cf4   0x00013cf4   0x0000000c   Code   RO          791    i.IRQ026_Handler    hc32_ll_interrupts.o
    0x00013d00   0x00013d00   0x0000000c   Code   RO          792    i.IRQ027_Handler    hc32_ll_interrupts.o
    0x00013d0c   0x00013d0c   0x0000000c   Code   RO          793    i.IRQ028_Handler    hc32_ll_interrupts.o
    0x00013d18   0x00013d18   0x0000000c   Code   RO          794    i.IRQ029_Handler    hc32_ll_interrupts.o
    0x00013d24   0x00013d24   0x0000000c   Code   RO          795    i.IRQ030_Handler    hc32_ll_interrupts.o
    0x00013d30   0x00013d30   0x0000000c   Code   RO          796    i.IRQ031_Handler    hc32_ll_interrupts.o
    0x00013d3c   0x00013d3c   0x0000000c   Code   RO          797    i.IRQ032_Handler    hc32_ll_interrupts.o
    0x00013d48   0x00013d48   0x0000000c   Code   RO          798    i.IRQ033_Handler    hc32_ll_interrupts.o
    0x00013d54   0x00013d54   0x0000000c   Code   RO          799    i.IRQ034_Handler    hc32_ll_interrupts.o
    0x00013d60   0x00013d60   0x0000000c   Code   RO          800    i.IRQ035_Handler    hc32_ll_interrupts.o
    0x00013d6c   0x00013d6c   0x0000000c   Code   RO          801    i.IRQ036_Handler    hc32_ll_interrupts.o
    0x00013d78   0x00013d78   0x0000000c   Code   RO          802    i.IRQ037_Handler    hc32_ll_interrupts.o
    0x00013d84   0x00013d84   0x0000000c   Code   RO          803    i.IRQ038_Handler    hc32_ll_interrupts.o
    0x00013d90   0x00013d90   0x0000000c   Code   RO          804    i.IRQ039_Handler    hc32_ll_interrupts.o
    0x00013d9c   0x00013d9c   0x0000000c   Code   RO          805    i.IRQ040_Handler    hc32_ll_interrupts.o
    0x00013da8   0x00013da8   0x0000000c   Code   RO          806    i.IRQ041_Handler    hc32_ll_interrupts.o
    0x00013db4   0x00013db4   0x0000000c   Code   RO          807    i.IRQ042_Handler    hc32_ll_interrupts.o
    0x00013dc0   0x00013dc0   0x0000000c   Code   RO          808    i.IRQ043_Handler    hc32_ll_interrupts.o
    0x00013dcc   0x00013dcc   0x0000000c   Code   RO          809    i.IRQ044_Handler    hc32_ll_interrupts.o
    0x00013dd8   0x00013dd8   0x0000000c   Code   RO          810    i.IRQ045_Handler    hc32_ll_interrupts.o
    0x00013de4   0x00013de4   0x0000000c   Code   RO          811    i.IRQ046_Handler    hc32_ll_interrupts.o
    0x00013df0   0x00013df0   0x0000000c   Code   RO          812    i.IRQ047_Handler    hc32_ll_interrupts.o
    0x00013dfc   0x00013dfc   0x0000000c   Code   RO          813    i.IRQ048_Handler    hc32_ll_interrupts.o
    0x00013e08   0x00013e08   0x0000000c   Code   RO          814    i.IRQ049_Handler    hc32_ll_interrupts.o
    0x00013e14   0x00013e14   0x0000000c   Code   RO          815    i.IRQ050_Handler    hc32_ll_interrupts.o
    0x00013e20   0x00013e20   0x0000000c   Code   RO          816    i.IRQ051_Handler    hc32_ll_interrupts.o
    0x00013e2c   0x00013e2c   0x0000000c   Code   RO          817    i.IRQ052_Handler    hc32_ll_interrupts.o
    0x00013e38   0x00013e38   0x0000000c   Code   RO          818    i.IRQ053_Handler    hc32_ll_interrupts.o
    0x00013e44   0x00013e44   0x0000000c   Code   RO          819    i.IRQ054_Handler    hc32_ll_interrupts.o
    0x00013e50   0x00013e50   0x0000000c   Code   RO          820    i.IRQ055_Handler    hc32_ll_interrupts.o
    0x00013e5c   0x00013e5c   0x0000000c   Code   RO          821    i.IRQ056_Handler    hc32_ll_interrupts.o
    0x00013e68   0x00013e68   0x0000000c   Code   RO          822    i.IRQ057_Handler    hc32_ll_interrupts.o
    0x00013e74   0x00013e74   0x0000000c   Code   RO          823    i.IRQ058_Handler    hc32_ll_interrupts.o
    0x00013e80   0x00013e80   0x0000000c   Code   RO          824    i.IRQ059_Handler    hc32_ll_interrupts.o
    0x00013e8c   0x00013e8c   0x0000000c   Code   RO          825    i.IRQ060_Handler    hc32_ll_interrupts.o
    0x00013e98   0x00013e98   0x0000000c   Code   RO          826    i.IRQ061_Handler    hc32_ll_interrupts.o
    0x00013ea4   0x00013ea4   0x0000000c   Code   RO          827    i.IRQ062_Handler    hc32_ll_interrupts.o
    0x00013eb0   0x00013eb0   0x0000000c   Code   RO          828    i.IRQ063_Handler    hc32_ll_interrupts.o
    0x00013ebc   0x00013ebc   0x0000000c   Code   RO          829    i.IRQ064_Handler    hc32_ll_interrupts.o
    0x00013ec8   0x00013ec8   0x0000000c   Code   RO          830    i.IRQ065_Handler    hc32_ll_interrupts.o
    0x00013ed4   0x00013ed4   0x0000000c   Code   RO          831    i.IRQ066_Handler    hc32_ll_interrupts.o
    0x00013ee0   0x00013ee0   0x0000000c   Code   RO          832    i.IRQ067_Handler    hc32_ll_interrupts.o
    0x00013eec   0x00013eec   0x0000000c   Code   RO          833    i.IRQ068_Handler    hc32_ll_interrupts.o
    0x00013ef8   0x00013ef8   0x0000000c   Code   RO          834    i.IRQ069_Handler    hc32_ll_interrupts.o
    0x00013f04   0x00013f04   0x0000000c   Code   RO          835    i.IRQ070_Handler    hc32_ll_interrupts.o
    0x00013f10   0x00013f10   0x0000000c   Code   RO          836    i.IRQ071_Handler    hc32_ll_interrupts.o
    0x00013f1c   0x00013f1c   0x0000000c   Code   RO          837    i.IRQ072_Handler    hc32_ll_interrupts.o
    0x00013f28   0x00013f28   0x0000000c   Code   RO          838    i.IRQ073_Handler    hc32_ll_interrupts.o
    0x00013f34   0x00013f34   0x0000000c   Code   RO          839    i.IRQ074_Handler    hc32_ll_interrupts.o
    0x00013f40   0x00013f40   0x0000000c   Code   RO          840    i.IRQ075_Handler    hc32_ll_interrupts.o
    0x00013f4c   0x00013f4c   0x0000000c   Code   RO          841    i.IRQ076_Handler    hc32_ll_interrupts.o
    0x00013f58   0x00013f58   0x0000000c   Code   RO          842    i.IRQ077_Handler    hc32_ll_interrupts.o
    0x00013f64   0x00013f64   0x0000000c   Code   RO          843    i.IRQ078_Handler    hc32_ll_interrupts.o
    0x00013f70   0x00013f70   0x0000000c   Code   RO          844    i.IRQ079_Handler    hc32_ll_interrupts.o
    0x00013f7c   0x00013f7c   0x0000000c   Code   RO          845    i.IRQ080_Handler    hc32_ll_interrupts.o
    0x00013f88   0x00013f88   0x0000000c   Code   RO          846    i.IRQ081_Handler    hc32_ll_interrupts.o
    0x00013f94   0x00013f94   0x0000000c   Code   RO          847    i.IRQ082_Handler    hc32_ll_interrupts.o
    0x00013fa0   0x00013fa0   0x0000000c   Code   RO          848    i.IRQ083_Handler    hc32_ll_interrupts.o
    0x00013fac   0x00013fac   0x0000000c   Code   RO          849    i.IRQ084_Handler    hc32_ll_interrupts.o
    0x00013fb8   0x00013fb8   0x0000000c   Code   RO          850    i.IRQ085_Handler    hc32_ll_interrupts.o
    0x00013fc4   0x00013fc4   0x0000000c   Code   RO          851    i.IRQ086_Handler    hc32_ll_interrupts.o
    0x00013fd0   0x00013fd0   0x0000000c   Code   RO          852    i.IRQ087_Handler    hc32_ll_interrupts.o
    0x00013fdc   0x00013fdc   0x0000000c   Code   RO          853    i.IRQ088_Handler    hc32_ll_interrupts.o
    0x00013fe8   0x00013fe8   0x0000000c   Code   RO          854    i.IRQ089_Handler    hc32_ll_interrupts.o
    0x00013ff4   0x00013ff4   0x0000000c   Code   RO          855    i.IRQ090_Handler    hc32_ll_interrupts.o
    0x00014000   0x00014000   0x0000000c   Code   RO          856    i.IRQ091_Handler    hc32_ll_interrupts.o
    0x0001400c   0x0001400c   0x0000000c   Code   RO          857    i.IRQ092_Handler    hc32_ll_interrupts.o
    0x00014018   0x00014018   0x0000000c   Code   RO          858    i.IRQ093_Handler    hc32_ll_interrupts.o
    0x00014024   0x00014024   0x0000000c   Code   RO          859    i.IRQ094_Handler    hc32_ll_interrupts.o
    0x00014030   0x00014030   0x0000000c   Code   RO          860    i.IRQ095_Handler    hc32_ll_interrupts.o
    0x0001403c   0x0001403c   0x0000000c   Code   RO          861    i.IRQ096_Handler    hc32_ll_interrupts.o
    0x00014048   0x00014048   0x0000000c   Code   RO          862    i.IRQ097_Handler    hc32_ll_interrupts.o
    0x00014054   0x00014054   0x0000000c   Code   RO          863    i.IRQ098_Handler    hc32_ll_interrupts.o
    0x00014060   0x00014060   0x0000000c   Code   RO          864    i.IRQ099_Handler    hc32_ll_interrupts.o
    0x0001406c   0x0001406c   0x0000000c   Code   RO          865    i.IRQ100_Handler    hc32_ll_interrupts.o
    0x00014078   0x00014078   0x0000000c   Code   RO          866    i.IRQ101_Handler    hc32_ll_interrupts.o
    0x00014084   0x00014084   0x0000000c   Code   RO          867    i.IRQ102_Handler    hc32_ll_interrupts.o
    0x00014090   0x00014090   0x0000000c   Code   RO          868    i.IRQ103_Handler    hc32_ll_interrupts.o
    0x0001409c   0x0001409c   0x0000000c   Code   RO          869    i.IRQ104_Handler    hc32_ll_interrupts.o
    0x000140a8   0x000140a8   0x0000000c   Code   RO          870    i.IRQ105_Handler    hc32_ll_interrupts.o
    0x000140b4   0x000140b4   0x0000000c   Code   RO          871    i.IRQ106_Handler    hc32_ll_interrupts.o
    0x000140c0   0x000140c0   0x0000000c   Code   RO          872    i.IRQ107_Handler    hc32_ll_interrupts.o
    0x000140cc   0x000140cc   0x0000000c   Code   RO          873    i.IRQ108_Handler    hc32_ll_interrupts.o
    0x000140d8   0x000140d8   0x0000000c   Code   RO          874    i.IRQ109_Handler    hc32_ll_interrupts.o
    0x000140e4   0x000140e4   0x0000000c   Code   RO          875    i.IRQ110_Handler    hc32_ll_interrupts.o
    0x000140f0   0x000140f0   0x0000000c   Code   RO          876    i.IRQ111_Handler    hc32_ll_interrupts.o
    0x000140fc   0x000140fc   0x0000000c   Code   RO          877    i.IRQ112_Handler    hc32_ll_interrupts.o
    0x00014108   0x00014108   0x0000000c   Code   RO          878    i.IRQ113_Handler    hc32_ll_interrupts.o
    0x00014114   0x00014114   0x0000000c   Code   RO          879    i.IRQ114_Handler    hc32_ll_interrupts.o
    0x00014120   0x00014120   0x0000000c   Code   RO          880    i.IRQ115_Handler    hc32_ll_interrupts.o
    0x0001412c   0x0001412c   0x0000000c   Code   RO          881    i.IRQ116_Handler    hc32_ll_interrupts.o
    0x00014138   0x00014138   0x0000000c   Code   RO          882    i.IRQ117_Handler    hc32_ll_interrupts.o
    0x00014144   0x00014144   0x0000000c   Code   RO          883    i.IRQ118_Handler    hc32_ll_interrupts.o
    0x00014150   0x00014150   0x0000000c   Code   RO          884    i.IRQ119_Handler    hc32_ll_interrupts.o
    0x0001415c   0x0001415c   0x0000000c   Code   RO          885    i.IRQ120_Handler    hc32_ll_interrupts.o
    0x00014168   0x00014168   0x0000000c   Code   RO          886    i.IRQ121_Handler    hc32_ll_interrupts.o
    0x00014174   0x00014174   0x0000000c   Code   RO          887    i.IRQ122_Handler    hc32_ll_interrupts.o
    0x00014180   0x00014180   0x0000000c   Code   RO          888    i.IRQ123_Handler    hc32_ll_interrupts.o
    0x0001418c   0x0001418c   0x0000000c   Code   RO          889    i.IRQ124_Handler    hc32_ll_interrupts.o
    0x00014198   0x00014198   0x0000000c   Code   RO          890    i.IRQ125_Handler    hc32_ll_interrupts.o
    0x000141a4   0x000141a4   0x0000000c   Code   RO          891    i.IRQ126_Handler    hc32_ll_interrupts.o
    0x000141b0   0x000141b0   0x0000000c   Code   RO          892    i.IRQ127_Handler    hc32_ll_interrupts.o
    0x000141bc   0x000141bc   0x0000004c   Code   RO         3379    i.Key_Read          ev_hc32f460_lqfp100_v2.o
    0x00014208   0x00014208   0x00000078   Code   RO            4    i.LL_PERIPH_WE      hc32_ll.o
    0x00014280   0x00014280   0x00000064   Code   RO            5    i.LL_PERIPH_WP      hc32_ll.o
    0x000142e4   0x000142e4   0x00000080   Code   RO         2355    i.LL_PrintfInit     hc32_ll_utility.o
    0x00014364   0x00014364   0x00000058   Code   RO         3595    i.Master_Initialize  i2c.o
    0x000143bc   0x000143bc   0x00000020   Code   RO         3954    i.Menu_Init         menuconfig.o
    0x000143dc   0x000143dc   0x0000007c   Code   RO         3804    i.Menu_Loop         menu.o
    0x00014458   0x00014458   0x000000a8   Code   RO         3805    i.Notifications     menu.o
    0x00014500   0x00014500   0x0000000c   Code   RO         4038    i.OLED_ClearBuffer  dispdirver.o
    0x0001450c   0x0001450c   0x00000018   Code   RO         4039    i.OLED_DrawBox      dispdirver.o
    0x00014524   0x00014524   0x00000018   Code   RO         4040    i.OLED_DrawFrame    dispdirver.o
    0x0001453c   0x0001453c   0x00000018   Code   RO         4041    i.OLED_DrawLine     dispdirver.o
    0x00014554   0x00014554   0x0000001c   Code   RO         4042    i.OLED_DrawRBox     dispdirver.o
    0x00014570   0x00014570   0x00000010   Code   RO         4044    i.OLED_DrawStr      dispdirver.o
    0x00014580   0x00014580   0x0000001c   Code   RO         4045    i.OLED_DrawXBMP     dispdirver.o
    0x0001459c   0x0001459c   0x0000000c   Code   RO         4046    i.OLED_GetBufferPtr  dispdirver.o
    0x000145a8   0x000145a8   0x0000000c   Code   RO         4047    i.OLED_GetBufferTileHeight  dispdirver.o
    0x000145b4   0x000145b4   0x0000000c   Code   RO         4048    i.OLED_GetBufferTileWidth  dispdirver.o
    0x000145c0   0x000145c0   0x0000000c   Code   RO         4049    i.OLED_SendBuffer   dispdirver.o
    0x000145cc   0x000145cc   0x0000000c   Code   RO         4051    i.OLED_SetDrawColor  dispdirver.o
    0x000145d8   0x000145d8   0x0000000c   Code   RO         4052    i.OLED_SetFont      dispdirver.o
    0x000145e4   0x000145e4   0x00000054   Code   RO         3806    i.PID_Animation     menu.o
    0x00014638   0x00014638   0x00000070   Code   RO         1683    i.PWC_HighSpeedToHighPerformance  hc32_ll_pwc.o
    0x000146a8   0x000146a8   0x00000018   Code   RO            6    i.PWC_REG_Lock      hc32_ll.o
    0x000146c0   0x000146c0   0x0000013c   Code   RO         3995    i.ParameterSetting_Widget  parameter.o
    0x000147fc   0x000147fc   0x000000d6   Code   RO         3807    i.Process_App_Run   menu.o
    0x000148d2   0x000148d2   0x00000150   Code   RO         3808    i.Process_Menu_Run  menu.o
    0x00014a22   0x00014a22   0x00000002   PAD
    0x00014a24   0x00014a24   0x000000c0   Code   RO         2024    i.SRAM_SetWaitCycle  hc32_ll_sram.o
    0x00014ae4   0x00014ae4   0x0000025c   Code   RO          175    i.SetSysClockDiv    hc32_ll_clk.o
    0x00014d40   0x00014d40   0x00000128   Code   RO          176    i.SetSysClockSrc    hc32_ll_clk.o
    0x00014e68   0x00014e68   0x00000024   Code   RO         4437    i.Show_Logo         application.o
    0x00014e8c   0x00014e8c   0x00000188   Code   RO         2083    i.SmartCard_CalculateDivFraction  hc32_ll_usart.o
    0x00015014   0x00015014   0x00000150   Code   RO         2084    i.SmartCard_CalculateDivInteger  hc32_ll_usart.o
    0x00015164   0x00015164   0x00000088   Code   RO         3323    i.SystemCoreClockUpdate  system_hc32f460.o
    0x000151ec   0x000151ec   0x00000020   Code   RO         3324    i.SystemInit        system_hc32f460.o
    0x0001520c   0x0001520c   0x000000d8   Code   RO         3380    i.TMR02_B_Config    ev_hc32f460_lqfp100_v2.o
    0x000152e4   0x000152e4   0x000000c8   Code   RO         3381    i.TMR0_CHB_CompareIrqCallback  ev_hc32f460_lqfp100_v2.o
    0x000153ac   0x000153ac   0x00000070   Code   RO         2522    i.TMR0_ClearStatus  hc32_ll_tmr0.o
    0x0001541c   0x0001541c   0x0000008c   Code   RO         2530    i.TMR0_HWStopCondCmd  hc32_ll_tmr0.o
    0x000154a8   0x000154a8   0x00000108   Code   RO         2531    i.TMR0_Init         hc32_ll_tmr0.o
    0x000155b0   0x000155b0   0x00000088   Code   RO         2532    i.TMR0_IntCmd       hc32_ll_tmr0.o
    0x00015638   0x00015638   0x00000070   Code   RO         2538    i.TMR0_Start        hc32_ll_tmr0.o
    0x000156a8   0x000156a8   0x0000001c   Code   RO         2540    i.TMR0_StructInit   hc32_ll_tmr0.o
    0x000156c4   0x000156c4   0x000000c4   Code   RO         2988    i.TMRA_FilterCmd    hc32_ll_tmra.o
    0x00015788   0x00015788   0x00000084   Code   RO         2990    i.TMRA_GetCountDir  hc32_ll_tmra.o
    0x0001580c   0x0001580c   0x00000080   Code   RO         2991    i.TMRA_GetCountValue  hc32_ll_tmra.o
    0x0001588c   0x0001588c   0x000000b4   Code   RO         2995    i.TMRA_HWClearCondCmd  hc32_ll_tmra.o
    0x00015940   0x00015940   0x00000148   Code   RO         3000    i.TMRA_Init         hc32_ll_tmra.o
    0x00015a88   0x00015a88   0x000000d4   Code   RO         3013    i.TMRA_SetFilterClockDiv  hc32_ll_tmra.o
    0x00015b5c   0x00015b5c   0x00000080   Code   RO         3015    i.TMRA_SetPeriodValue  hc32_ll_tmra.o
    0x00015bdc   0x00015bdc   0x00000088   Code   RO         3016    i.TMRA_Start        hc32_ll_tmra.o
    0x00015c64   0x00015c64   0x0000001e   Code   RO         3018    i.TMRA_StructInit   hc32_ll_tmra.o
    0x00015c82   0x00015c82   0x00000092   Code   RO         4007    i.Text_Widget       text.o
    0x00015d14   0x00015d14   0x00000084   Code   RO         3567    i.TmrAConfig        encodtima.o
    0x00015d98   0x00015d98   0x00000158   Code   RO         2085    i.UART_CalculateDivFraction  hc32_ll_usart.o
    0x00015ef0   0x00015ef0   0x000000f0   Code   RO         2086    i.UART_CalculateDivInteger  hc32_ll_usart.o
    0x00015fe0   0x00015fe0   0x000000a8   Code   RO         2095    i.USART_FuncCmd     hc32_ll_usart.o
    0x00016088   0x00016088   0x000001ec   Code   RO         2102    i.USART_SetBaudrate  hc32_ll_usart.o
    0x00016274   0x00016274   0x00000090   Code   RO         2103    i.USART_SetClockDiv  hc32_ll_usart.o
    0x00016304   0x00016304   0x0000019c   Code   RO         2117    i.USART_UART_Init   hc32_ll_usart.o
    0x000164a0   0x000164a0   0x0000002c   Code   RO         2119    i.USART_UART_StructInit  hc32_ll_usart.o
    0x000164cc   0x000164cc   0x00000068   Code   RO         3596    i.V_I2C_Init        i2c.o
    0x00016534   0x00016534   0x00000110   Code   RO         4019    i.Wave_Widget       wave.o
    0x00016644   0x00016644   0x00000020   Code   RO         7584    i.__0printf         mc_w.l(printfa.o)
    0x00016664   0x00016664   0x00000028   Code   RO         7586    i.__0sprintf        mc_w.l(printfa.o)
    0x0001668c   0x0001668c   0x0000000e   Code   RO         7662    i.__scatterload_copy  mc_w.l(handlers.o)
    0x0001669a   0x0001669a   0x00000002   Code   RO         7663    i.__scatterload_null  mc_w.l(handlers.o)
    0x0001669c   0x0001669c   0x0000000e   Code   RO         7664    i.__scatterload_zeroinit  mc_w.l(handlers.o)
    0x000166aa   0x000166aa   0x00000002   PAD
    0x000166ac   0x000166ac   0x00000184   Code   RO         7591    i._fp_digits        mc_w.l(printfa.o)
    0x00016830   0x00016830   0x000006dc   Code   RO         7592    i._printf_core      mc_w.l(printfa.o)
    0x00016f0c   0x00016f0c   0x00000024   Code   RO         7593    i._printf_post_padding  mc_w.l(printfa.o)
    0x00016f30   0x00016f30   0x0000002e   Code   RO         7594    i._printf_pre_padding  mc_w.l(printfa.o)
    0x00016f5e   0x00016f5e   0x0000000a   Code   RO         7596    i._sputc            mc_w.l(printfa.o)
    0x00016f68   0x00016f68   0x000000b0   Code   RO         7241    i.cm_backtrace_call_stack  cm_backtrace.o
    0x00017018   0x00017018   0x0000025c   Code   RO         7243    i.cm_backtrace_fault  cm_backtrace.o
    0x00017274   0x00017274   0x0000002c   Code   RO         7244    i.cm_backtrace_firmware_info  cm_backtrace.o
    0x000172a0   0x000172a0   0x00000024   Code   RO         7246    i.disassembly_ins_is_bl_blx  cm_backtrace.o
    0x000172c4   0x000172c4   0x000000cc   Code   RO         7247    i.dump_stack        cm_backtrace.o
    0x00017390   0x00017390   0x00000240   Code   RO         7248    i.fault_diagnosis   cm_backtrace.o
    0x000175d0   0x000175d0   0x00000016   Code   RO         2362    i.fputc             hc32_ll_utility.o
    0x000175e6   0x000175e6   0x00000002   PAD
    0x000175e8   0x000175e8   0x000000c8   Code   RO         3528    i.main              main.o
    0x000176b0   0x000176b0   0x0000008c   Code   RO         7249    i.print_call_stack  cm_backtrace.o
    0x0001773c   0x0001773c   0x00000008   Code   RO         3645    i.reg_byte_size     tv5725.o
    0x00017744   0x00017744   0x000000e4   Code   RO         3646    i.tv5725_chip_reset  tv5725.o
    0x00017828   0x00017828   0x00000014   Code   RO         3647    i.tv5725_get_chip_id  tv5725.o
    0x0001783c   0x0001783c   0x000000c4   Code   RO         3648    i.tv5725_i2c_read   tv5725.o
    0x00017900   0x00017900   0x0000000e   Code   RO         3649    i.tv5725_i2c_write  tv5725.o
    0x0001790e   0x0001790e   0x00000002   PAD
    0x00017910   0x00017910   0x0000003c   Code   RO         3650    i.tv5725_init       tv5725.o
    0x0001794c   0x0001794c   0x000000fc   Code   RO         3651    i.tv5725_input_path_init  tv5725.o
    0x00017a48   0x00017a48   0x000001a0   Code   RO         3652    i.tv5725_output_path_init  tv5725.o
    0x00017be8   0x00017be8   0x0000001a   Code   RO         3653    i.tv5725_read_buf   tv5725.o
    0x00017c02   0x00017c02   0x00000058   Code   RO         3656    i.tv5725_reg_read   tv5725.o
    0x00017c5a   0x00017c5a   0x000000c6   Code   RO         3657    i.tv5725_reg_write  tv5725.o
    0x00017d20   0x00017d20   0x00000028   Code   RO         3658    i.tv5725_set_segment  tv5725.o
    0x00017d48   0x00017d48   0x00000056   Code   RO         3659    i.tv5725_write_buf  tv5725.o
    0x00017d9e   0x00017d9e   0x0000001c   Code   RO         3660    i.tv5725_write_byte  tv5725.o
    0x00017dba   0x00017dba   0x00000004   Code   RO         3661    i.tv5725_write_seg_byte  tv5725.o
    0x00017dbe   0x00017dbe   0x00000002   PAD
    0x00017dc0   0x00017dc0   0x0000005c   Code   RO         7207    i.u8g2Init          hc32_u8g2.o
    0x00017e1c   0x00017e1c   0x00000014   Code   RO         5233    i.u8g2_ClearBuffer  u8g2_buffer.o
    0x00017e30   0x00017e30   0x00000044   Code   RO         5203    i.u8g2_DrawBox      u8g2_box.o
    0x00017e74   0x00017e74   0x00000040   Code   RO         5328    i.u8g2_DrawDisc     u8g2_circle.o
    0x00017eb4   0x00017eb4   0x00000088   Code   RO         5204    i.u8g2_DrawFrame    u8g2_box.o
    0x00017f3c   0x00017f3c   0x00000070   Code   RO         5436    i.u8g2_DrawGlyph    u8g2_font.o
    0x00017fac   0x00017fac   0x000000aa   Code   RO         5748    i.u8g2_DrawHVLine   u8g2_hvline.o
    0x00018056   0x00018056   0x00000090   Code   RO         5157    i.u8g2_DrawHXBMP    u8g2_bitmap.o
    0x000180e6   0x000180e6   0x000000aa   Code   RO         5845    i.u8g2_DrawLine     u8g2_line.o
    0x00018190   0x00018190   0x0000002e   Code   RO         5749    i.u8g2_DrawPixel    u8g2_hvline.o
    0x000181be   0x000181be   0x000000e6   Code   RO         5205    i.u8g2_DrawRBox     u8g2_box.o
    0x000182a4   0x000182a4   0x00000010   Code   RO         5438    i.u8g2_DrawStr      u8g2_font.o
    0x000182b4   0x000182b4   0x0000000c   Code   RO         5750    i.u8g2_DrawVLine    u8g2_hvline.o
    0x000182c0   0x000182c0   0x0000004e   Code   RO         5160    i.u8g2_DrawXBMP     u8g2_bitmap.o
    0x0001830e   0x0001830e   0x00000030   Code   RO         5809    i.u8g2_IsIntersection  u8g2_intersection.o
    0x0001833e   0x0001833e   0x00000012   Code   RO         5236    i.u8g2_SendBuffer   u8g2_buffer.o
    0x00018350   0x00018350   0x00000010   Code   RO         5751    i.u8g2_SetDrawColor  u8g2_hvline.o
    0x00018360   0x00018360   0x00000020   Code   RO         5454    i.u8g2_SetFont      u8g2_font.o
    0x00018380   0x00018380   0x0000000c   Code   RO         5457    i.u8g2_SetFontPosBaseline  u8g2_font.o
    0x0001838c   0x0001838c   0x0000001c   Code   RO         5997    i.u8g2_SetMaxClipWindow  u8g2_setup.o
    0x000183a8   0x000183a8   0x00000046   Code   RO         5998    i.u8g2_SetupBuffer  u8g2_setup.o
    0x000183ee   0x000183ee   0x00000002   PAD
    0x000183f0   0x000183f0   0x00000038   Code   RO         5422    i.u8g2_Setup_ssd1306_i2c_128x64_noname_f  u8g2_d_setup.o
    0x00018428   0x00018428   0x00000052   Code   RO         5464    i.u8g2_UpdateRefHeight  u8g2_font.o
    0x0001847a   0x0001847a   0x0000001c   Code   RO         5465    i.u8g2_add_vector_x  u8g2_font.o
    0x00018496   0x00018496   0x0000001c   Code   RO         5466    i.u8g2_add_vector_y  u8g2_font.o
    0x000184b2   0x000184b2   0x0000006e   Code   RO         6000    i.u8g2_apply_clip_window  u8g2_setup.o
    0x00018520   0x00018520   0x0000003c   Code   RO         5752    i.u8g2_clip_intersection2  u8g2_hvline.o
    0x0001855c   0x0001855c   0x0000006a   Code   RO         5333    i.u8g2_draw_disc    u8g2_circle.o
    0x000185c6   0x000185c6   0x000000cc   Code   RO         5334    i.u8g2_draw_disc_section  u8g2_circle.o
    0x00018692   0x00018692   0x00000012   Code   RO         5753    i.u8g2_draw_hv_line_2dir  u8g2_hvline.o
    0x000186a4   0x000186a4   0x0000000c   Code   RO         6002    i.u8g2_draw_l90_r0  u8g2_setup.o
    0x000186b0   0x000186b0   0x0000006c   Code   RO         5467    i.u8g2_draw_string  u8g2_font.o
    0x0001871c   0x0001871c   0x00000004   Code   RO         5473    i.u8g2_font_calc_vref_font  u8g2_font.o
    0x00018720   0x00018720   0x00000014   Code   RO         5475    i.u8g2_font_decode_get_signed_bits  u8g2_font.o
    0x00018734   0x00018734   0x00000034   Code   RO         5476    i.u8g2_font_decode_get_unsigned_bits  u8g2_font.o
    0x00018768   0x00018768   0x00000112   Code   RO         5477    i.u8g2_font_decode_glyph  u8g2_font.o
    0x0001887a   0x0001887a   0x0000008a   Code   RO         5478    i.u8g2_font_decode_len  u8g2_font.o
    0x00018904   0x00018904   0x00000072   Code   RO         5479    i.u8g2_font_get_glyph_data  u8g2_font.o
    0x00018976   0x00018976   0x00000014   Code   RO         5480    i.u8g2_font_get_word  u8g2_font.o
    0x0001898a   0x0001898a   0x00000034   Code   RO         5481    i.u8g2_font_setup_decode  u8g2_font.o
    0x000189be   0x000189be   0x00000018   Code   RO         5810    i.u8g2_is_intersection_decision_tree  u8g2_intersection.o
    0x000189d6   0x000189d6   0x0000008e   Code   RO         5858    i.u8g2_ll_hvline_vertical_top_lsb  u8g2_ll_hvline.o
    0x00018a64   0x00018a64   0x0000000c   Code   RO         5409    i.u8g2_m_16_8_f     u8g2_d_memory.o
    0x00018a70   0x00018a70   0x0000006a   Code   RO         5482    i.u8g2_read_font_info  u8g2_font.o
    0x00018ada   0x00018ada   0x0000004c   Code   RO         5244    i.u8g2_send_buffer  u8g2_buffer.o
    0x00018b26   0x00018b26   0x00000046   Code   RO         6007    i.u8g2_update_dimension_common  u8g2_setup.o
    0x00018b6c   0x00018b6c   0x00000004   Code   RO         6008    i.u8g2_update_dimension_r0  u8g2_setup.o
    0x00018b70   0x00018b70   0x00000022   Code   RO         6012    i.u8g2_update_page_win_r0  u8g2_setup.o
    0x00018b92   0x00018b92   0x0000001e   Code   RO         6785    i.u8x8_DrawTile     u8x8_display.o
    0x00018bb0   0x00018bb0   0x00000010   Code   RO         6787    i.u8x8_InitDisplay  u8x8_display.o
    0x00018bc0   0x00018bc0   0x00000010   Code   RO         6789    i.u8x8_RefreshDisplay  u8x8_display.o
    0x00018bd0   0x00018bd0   0x00000010   Code   RO         6792    i.u8x8_SetPowerSave  u8x8_display.o
    0x00018be0   0x00018be0   0x00000022   Code   RO         7091    i.u8x8_Setup        u8x8_setup.o
    0x00018c02   0x00018c02   0x00000002   PAD
    0x00018c04   0x00018c04   0x00000024   Code   RO         7092    i.u8x8_SetupDefaults  u8x8_setup.o
    0x00018c28   0x00018c28   0x00000010   Code   RO         6793    i.u8x8_SetupMemory  u8x8_display.o
    0x00018c38   0x00018c38   0x0000000e   Code   RO         6292    i.u8x8_ascii_next   u8x8_8x8.o
    0x00018c46   0x00018c46   0x00000010   Code   RO         6417    i.u8x8_byte_EndTransfer  u8x8_byte.o
    0x00018c56   0x00018c56   0x0000000c   Code   RO         6418    i.u8x8_byte_SendByte  u8x8_byte.o
    0x00018c62   0x00018c62   0x00000010   Code   RO         6419    i.u8x8_byte_SendBytes  u8x8_byte.o
    0x00018c72   0x00018c72   0x00000010   Code   RO         6421    i.u8x8_byte_StartTransfer  u8x8_byte.o
    0x00018c82   0x00018c82   0x00000002   PAD
    0x00018c84   0x00018c84   0x00000110   Code   RO         7208    i.u8x8_byte_hw_i2c  hc32_u8g2.o
    0x00018d94   0x00018d94   0x00000010   Code   RO         6537    i.u8x8_cad_EndTransfer  u8x8_cad.o
    0x00018da4   0x00018da4   0x00000010   Code   RO         6538    i.u8x8_cad_SendArg  u8x8_cad.o
    0x00018db4   0x00018db4   0x00000010   Code   RO         6539    i.u8x8_cad_SendCmd  u8x8_cad.o
    0x00018dc4   0x00018dc4   0x00000010   Code   RO         6540    i.u8x8_cad_SendData  u8x8_cad.o
    0x00018dd4   0x00018dd4   0x00000066   Code   RO         6542    i.u8x8_cad_SendSequence  u8x8_cad.o
    0x00018e3a   0x00018e3a   0x00000010   Code   RO         6543    i.u8x8_cad_StartTransfer  u8x8_cad.o
    0x00018e4a   0x00018e4a   0x00000002   PAD
    0x00018e4c   0x00018e4c   0x000000bc   Code   RO         6546    i.u8x8_cad_ssd13xx_fast_i2c  u8x8_cad.o
    0x00018f08   0x00018f08   0x00000060   Code   RO         6794    i.u8x8_d_helper_display_init  u8x8_display.o
    0x00018f68   0x00018f68   0x0000000a   Code   RO         6795    i.u8x8_d_helper_display_setup_memory  u8x8_display.o
    0x00018f72   0x00018f72   0x00000002   PAD
    0x00018f74   0x00018f74   0x0000003c   Code   RO         6719    i.u8x8_d_ssd1306_128x64_noname  u8x8_d_ssd1306_128x64_noname.o
    0x00018fb0   0x00018fb0   0x000000c8   Code   RO         6721    i.u8x8_d_ssd1306_sh1106_generic  u8x8_d_ssd1306_128x64_noname.o
    0x00019078   0x00019078   0x00000004   Code   RO         7094    i.u8x8_dummy_cb     u8x8_setup.o
    0x0001907c   0x0001907c   0x0000004c   Code   RO         7209    i.u8x8_gpio_and_delay_hw  hc32_u8g2.o
    0x000190c8   0x000190c8   0x0000000c   Code   RO         7013    i.u8x8_gpio_call    u8x8_gpio.o
    0x000190d4   0x000190d4   0x0000002c   Code   RO         6554    i.u8x8_i2c_data_transfer  u8x8_cad.o
    0x00019100   0x00019100   0x00000008   Code   RO         6300    i.u8x8_utf8_init    u8x8_8x8.o
    0x00019108   0x00019108   0x00000074   Code   RO         3810    i.ui_disapper       menu.o
    0x0001917c   0x0001917c   0x00000020   Data   RO         2124    .constdata          hc32_ll_usart.o
    0x0001919c   0x0001919c   0x0000015c   Data   RO         3662    .constdata          tv5725.o
    0x000192f8   0x000192f8   0x00000078   Data   RO         3763    .constdata          image.o
    0x00019370   0x00019370   0x00000078   Data   RO         3766    .constdata          image.o
    0x000193e8   0x000193e8   0x00000078   Data   RO         3768    .constdata          image.o
    0x00019460   0x00019460   0x00000078   Data   RO         3769    .constdata          image.o
    0x000194d8   0x000194d8   0x00000078   Data   RO         3770    .constdata          image.o
    0x00019550   0x00019550   0x00000078   Data   RO         3771    .constdata          image.o
    0x000195c8   0x000195c8   0x00000078   Data   RO         3772    .constdata          image.o
    0x00019640   0x00019640   0x00000078   Data   RO         3773    .constdata          image.o
    0x000196b8   0x000196b8   0x00000078   Data   RO         3811    .constdata          menu.o
    0x00019730   0x00019730   0x00000200   Data   RO         4438    .constdata          application.o
    0x00019930   0x00019930   0x00000b5f   Data   RO         5733    .constdata          u8g2_fonts.o
    0x0001a48f   0x0001a48f   0x00000001   PAD
    0x0001a490   0x0001a490   0x0000000c   Data   RO         6016    .constdata          u8g2_setup.o
    0x0001a49c   0x0001a49c   0x00000158   Data   RO         6723    .constdata          u8x8_d_ssd1306_128x64_noname.o
    0x0001a5f4   0x0001a5f4   0x000000e0   Data   RO         7251    .constdata          cm_backtrace.o
    0x0001a6d4   0x0001a6d4   0x00000666   Data   RO         7252    .conststring        cm_backtrace.o
    0x0001ad3a   0x0001ad3a   0x00000002   PAD
    0x0001ad3c   0x0001ad3c   0x00000020   Data   RO         7660    Region$$Table       anon$$obj.o


    Execution Region RW_IRAM1 (Exec base: 0x1fff8000, Load base: 0x0001ad5c, Size: 0x00001f60, Max: 0x0002f000, ABSOLUTE)

    Exec Addr    Load Addr    Size         Type   Attr      Idx    E Section Name        Object

    0x1fff8000   0x0001ad5c   0x00000010   Data   RW         2365    .data               hc32_ll_utility.o
    0x1fff8010   0x0001ad6c   0x00000008   Data   RW         3325    .data               system_hc32f460.o
    0x1fff8018   0x0001ad74   0x00000018   Data   RW         3385    .data               ev_hc32f460_lqfp100_v2.o
    0x1fff8030   0x0001ad8c   0x00000001   Data   RW         3530    .data               main.o
    0x1fff8031   0x0001ad8d   0x00000001   Data   RW         3663    .data               tv5725.o
    0x1fff8032   0x0001ad8e   0x00000002   PAD
    0x1fff8034   0x0001ad90   0x00000028   Data   RW         3774    .data               image.o
    0x1fff805c   0x0001adb8   0x00000008   Data   RW         3812    .data               menu.o
    0x1fff8064   0x0001adc0   0x00000034   Data   RW         3956    .data               menuconfig.o
    0x1fff8098   0x0001adf4   0x00000006   Data   RW         6556    .data               u8x8_cad.o
    0x1fff809e   0x0001adfa   0x00000002   PAD
    0x1fff80a0   0x0001adfc   0x00000004   Data   RW         7210    .data               hc32_u8g2.o
    0x1fff80a4   0x0001ae00   0x00000018   Data   RW         7253    .data               cm_backtrace.o
    0x1fff80bc   0x0001ae18   0x00000004   Data   RW         7339    .data               mc_w.l(rand.o)
    0x1fff80c0   0x0001ae1c   0x00000004   Data   RW         7636    .data               mc_w.l(stdout.o)
    0x1fff80c4        -       0x00000200   Zero   RW          898    .bss                hc32_ll_interrupts.o
    0x1fff82c4        -       0x000000d8   Zero   RW         3529    .bss                main.o
    0x1fff839c        -       0x000008e4   Zero   RW         3955    .bss                menuconfig.o
    0x1fff8c80        -       0x00000080   Zero   RW         4020    .bss                wave.o
    0x1fff8d00        -       0x00000094   Zero   RW         4054    .bss                dispdirver.o
    0x1fff8d94        -       0x00000400   Zero   RW         5410    .bss                u8g2_d_memory.o
    0x1fff9194        -       0x000001c8   Zero   RW         7250    .bss                cm_backtrace.o
    0x1fff935c   0x0001ae20   0x00000004   PAD
    0x1fff9360        -       0x00000c00   Zero   RW         3361    STACK               startup_hc32f460.o


==============================================================================

Image component sizes


      Code (inc. data)   RO Data    RW Data    ZI Data      Debug   Object Name

       168         78        512          0          0       1851   application.o
      1780        334       1862         24        456      14112   cm_backtrace.o
        12          0          0          0          0        460   cmb_fault.o
       240         70          0          0        148     168205   dispdirver.o
       132          4          0          0          0        573   encodtima.o
      1022         50          0         24          0     170389   ev_hc32f460_lqfp100_v2.o
       244         52          0          0          0     411614   hc32_ll.o
      2204        432          0          0          0      19018   hc32_ll_clk.o
       252        112          0          0          0       1422   hc32_ll_efm.o
       340        168          0          0          0       2171   hc32_ll_fcg.o
      1366        420          0          0          0      13901   hc32_ll_gpio.o
      3594       1372          0          0          0      20390   hc32_ll_i2c.o
      1736        644          0          0        512     102932   hc32_ll_interrupts.o
       112         58          0          0          0        641   hc32_ll_pwc.o
       192         54          0          0          0        920   hc32_ll_sram.o
       792        286          0          0          0       6265   hc32_ll_tmr0.o
      1470        594          0          0          0      11137   hc32_ll_tmra.o
      3084        664         32          0          0      16682   hc32_ll_usart.o
       386        140          0         16          0       5512   hc32_ll_utility.o
       440         66          0          4          0       3207   hc32_u8g2.o
       312         60          0          0          0       2251   i2c.o
         0          0        960         40          0       1650   image.o
       200         42          0          1        216      20798   main.o
      3730        168        120          8          0      20411   menu.o
      1530        448          0         52       2276       4972   menuconfig.o
       316         38          0          0          0       1022   parameter.o
        88         20        640          0       3072        840   startup_hc32f460.o
       182         36          0          8          0       2422   system_hc32f460.o
       146          0          0          0          0        954   text.o
      1664         62        348          1          0      11414   tv5725.o
       222          0          0          0          0       2285   u8g2_bitmap.o
       434          0          0          0          0       2512   u8g2_box.o
       114          0          0          0          0       2699   u8g2_buffer.o
       374          0          0          0          0       3784   u8g2_circle.o
        12          4          0          0       1024        948   u8g2_d_memory.o
        56         14          0          0          0       1157   u8g2_d_setup.o
      1198         10          0          0          0      15204   u8g2_font.o
         0          0       2911          0          0        687   u8g2_fonts.o
       322          0          0          0          0       4673   u8g2_hvline.o
        72          0          0          0          0       2039   u8g2_intersection.o
       170          0          0          0          0       1084   u8g2_line.o
       142          0          0          0          0       1594   u8g2_ll_hvline.o
       328          0         12          0          0     147371   u8g2_setup.o
        22          0          0          0          0       2009   u8x8_8x8.o
        60          0          0          0          0       3265   u8x8_byte.o
       414         12          0          6          0       9392   u8x8_cad.o
       260         14        344          0          0       3311   u8x8_d_ssd1306_128x64_noname.o
       200          0          0          0          0       4830   u8x8_display.o
        12          0          0          0          0        653   u8x8_gpio.o
        74          4          0          0          0       2034   u8x8_setup.o
       272         32          0          0        128       1531   wave.o

    ----------------------------------------------------------------------
     32524       6562       7776        188       7836    1251198   Object Totals
         0          0         32          0          0          0   (incl. Generated)
        32          0          3          4          4          0   (incl. Padding)

    ----------------------------------------------------------------------

      Code (inc. data)   RO Data    RW Data    ZI Data      Debug   Library Member Name

         0          0          0          0          0          0   entry.o
         0          0          0          0          0          0   entry10a.o
         0          0          0          0          0          0   entry11a.o
         8          4          0          0          0          0   entry2.o
         4          0          0          0          0          0   entry5.o
         0          0          0          0          0          0   entry7b.o
         0          0          0          0          0          0   entry8b.o
         8          4          0          0          0          0   entry9a.o
        30          0          0          0          0          0   handlers.o
        36          8          0          0          0         68   init.o
         0          0          0          0          0          0   iusefp.o
        30          0          0          0          0         68   llshl.o
        36          0          0          0          0         68   llsshr.o
        32          0          0          0          0         68   llushr.o
        36          0          0          0          0         68   memcpya.o
        36          0          0          0          0        108   memseta.o
      2308         96          0          0          0        604   printfa.o
        36         10          0          4          0        136   rand.o
         0          0          0          4          0          0   stdout.o
        14          0          0          0          0         68   strlen.o
        44          0          0          0          0         80   uidiv.o
        98          0          0          0          0         92   uldiv.o
        48          0          0          0          0         68   cdrcmple.o
        56          0          0          0          0         88   d2f.o
       334          0          0          0          0        148   dadd.o
       222          0          0          0          0        100   ddiv.o
       186          0          0          0          0        176   depilogue.o
        48          0          0          0          0         68   dfixul.o
        26          0          0          0          0         76   dfltui.o
        24          0          0          0          0         76   dfltul.o
       228          0          0          0          0         96   dmul.o
        38          0          0          0          0         68   f2d.o
       110          0          0          0          0        168   fepilogue.o

    ----------------------------------------------------------------------
      4080        122          0          8          0       2560   Library Totals
         4          0          0          0          0          0   (incl. Padding)

    ----------------------------------------------------------------------

      Code (inc. data)   RO Data    RW Data    ZI Data      Debug   Library Name

      2756        122          0          8          0       1428   mc_w.l
      1320          0          0          0          0       1132   mf_w.l

    ----------------------------------------------------------------------
      4080        122          0          8          0       2560   Library Totals

    ----------------------------------------------------------------------

==============================================================================


      Code (inc. data)   RO Data    RW Data    ZI Data      Debug   

     36604       6684       7776        196       7836    1215710   Grand Totals
     36604       6684       7776        196       7836    1215710   ELF Image Totals
     36604       6684       7776        196          0          0   ROM Totals

==============================================================================

    Total RO  Size (Code + RO Data)                44380 (  43.34kB)
    Total RW  Size (RW Data + ZI Data)              8032 (   7.84kB)
    Total ROM Size (Code + RO Data + RW Data)      44576 (  43.53kB)

==============================================================================

