<html>
<body>
<pre>
<h1>µVision Build Log</h1>
<h2>Tool Versions:</h2>
IDE-Version: ¦ÌVision V5.28.0.0
Copyright (C) 2019 ARM Ltd and ARM Germany GmbH. All rights reserved.
License Information: 12 12, 12, LIC=76F5U-S40GG-12ILE-583S6-SZ4P2-HLWLL
 
Tool Versions:
Toolchain:       MDK-ARM Plus  Version: 5.28.0.0
Toolchain Path:  C:\Keil_v5\ARM\ARMCC\Bin
C Compiler:      Armcc.exe V5.06 update 6 (build 750)
Assembler:       Armasm.exe V5.06 update 6 (build 750)
Linker/Locator:  ArmLink.exe V5.06 update 6 (build 750)
Library Manager: ArmAr.exe V5.06 update 6 (build 750)
Hex Converter:   FromElf.exe V5.06 update 6 (build 750)
CPU DLL:         SARMCM3.DLL V5.28.0.0
Dialog DLL:      DCM.DLL V1.17.3.0
Target DLL:      STLink\ST-LINKIII-KEIL_SWO.dll V3.0.6.0
Dialog DLL:      TCM.DLL V1.36.2.0
 
<h2>Project:</h2>
c:\Users\Admin\Desktop\All_projects\Un8266_GBSC\USB_Box\usb_dev_cdc\MDK\usb_dev_cdc.uvprojx
Project File Date:  04/22/2026

<h2>Output:</h2>
*** Using Compiler 'V5.06 update 6 (build 750)', folder: 'C:\Keil_v5\ARM\ARMCC\Bin'
Build target 'usb_dev_cdc_Debug'
compiling hc32_ll_keyscan.c...
compiling hc32_ll_utility.c...
compiling hc32_ll_crc.c...
compiling hc32_ll.c...
compiling hc32_ll_pwc.c...
compiling hc32_ll_efm.c...
compiling hc32_ll_sram.c...
compiling hc32_ll_gpio.c...
compiling hc32_ll_usart.c...
compiling hc32_ll_clk.c...
compiling hc32_ll_interrupts.c...
assembling startup_hc32f460.s...
compiling hc32_ll_fcg.c...
compiling hc32_ll_tmr0.c...
compiling hc32_ll_fcm.c...
compiling hc32_ll_qspi.c...
compiling system_hc32f460.c...
compiling image.c...
compiling hc32_ll_i2c.c...
compiling hc32_ll_tmra.c...
compiling text.c...
compiling parameter.c...
compiling wave.c...
compiling application.c...
compiling ev_hc32f460_lqfp100_v2.c...
..\headers\tim0.h(28): warning:  #1295-D: Deprecated declaration Tmr0Config - give arg types
  void Tmr0Config();
..\headers\tim0.h(35): warning:  #1-D: last line of file ends without a newline
  #endif
../../drivers/bsp/ev_hc32f460_lqfp100_v2/ev_hc32f460_lqfp100_v2.c(218): warning:  #186-D: pointless comparison of unsigned integer with zero
              if (g_u16_led_timer >= LED_TIME)
../../drivers/bsp/ev_hc32f460_lqfp100_v2/ev_hc32f460_lqfp100_v2.c(528): warning:  #177-D: variable "i"  was declared but never referenced
      uint8_t i;
../../drivers/bsp/ev_hc32f460_lqfp100_v2/ev_hc32f460_lqfp100_v2.c: 4 warnings, 0 errors
compiling mui.c...
compiling main.c...
..\headers\tim0.h(28): warning:  #1295-D: Deprecated declaration Tmr0Config - give arg types
  void Tmr0Config();
..\headers\tim0.h(35): warning:  #1-D: last line of file ends without a newline
  #endif
..\src\main.c(11): warning:  #177-D: function "fault_test_by_div0"  was declared but never referenced
  static void fault_test_by_div0(void)
..\src\main.c: 3 warnings, 0 errors
compiling tim0.c...
..\headers\tim0.h(35): warning:  #1-D: last line of file ends without a newline
  #endif
..\headers\tim0.h(28): warning:  #1295-D: Deprecated declaration Tmr0Config - give arg types
  void Tmr0Config();
..\headers\tim0.h(35): warning:  #1-D: last line of file ends without a newline
  #endif
..\src\tim0.c: 3 warnings, 0 errors
compiling EncodTimA.c...
..\headers\tim0.h(28): warning:  #1295-D: Deprecated declaration Tmr0Config - give arg types
  void Tmr0Config();
..\headers\tim0.h(35): warning:  #1-D: last line of file ends without a newline
  #endif
..\src\EncodTimA.c(45): warning:  #1-D: last line of file ends without a newline
  }
..\src\EncodTimA.c: 3 warnings, 0 errors
compiling u8g2_box.c...
compiling u8g2_bitmap.c...
compiling u8g2_buffer.c...
compiling mui_u8g2.c...
compiling u8g2_button.c...
compiling u8g2_cleardisplay.c...
compiling u8g2_d_memory.c...
compiling u8g2_circle.c...
compiling u8g2_d_setup.c...
..\u8g2Drive\u8g2Lib\src\u8g2_d_setup.c(14): warning:  #1-D: last line of file ends without a newline
  }
..\u8g2Drive\u8g2Lib\src\u8g2_d_setup.c: 1 warning, 0 errors
compiling u8g2_fonts.c...
..\u8g2Drive\u8g2Lib\src\u8g2_fonts.c(134): warning:  #1-D: last line of file ends without a newline
    
..\u8g2Drive\u8g2Lib\src\u8g2_fonts.c: 1 warning, 0 errors
compiling u8g2_hvline.c...
compiling u8g2_font.c...
compiling u8g2_intersection.c...
compiling u8g2_kerning.c...
compiling u8g2_input_value.c...
compiling menu.c...
..\headers\tim0.h(28): warning:  #1295-D: Deprecated declaration Tmr0Config - give arg types
  void Tmr0Config();
..\headers\tim0.h(35): warning:  #1-D: last line of file ends without a newline
  #endif
..\MultMenu\menu\menu.c(797): warning:  #177-D: variable "TMRA_DIR"  was declared but never referenced
    static unsigned char TMRA_DIR;
..\MultMenu\menu\menu.c: 3 warnings, 0 errors
compiling menuConfig.c...
..\headers\tim0.h(28): warning:  #1295-D: Deprecated declaration Tmr0Config - give arg types
  void Tmr0Config();
..\headers\tim0.h(35): warning:  #1-D: last line of file ends without a newline
  #endif
..\MultMenu\menu\menuConfig.c: 2 warnings, 0 errors
compiling u8g2_line.c...
compiling dispDirver.c...
..\headers\tim0.h(28): warning:  #1295-D: Deprecated declaration Tmr0Config - give arg types
  void Tmr0Config();
..\headers\tim0.h(35): warning:  #1-D: last line of file ends without a newline
  #endif
..\MultMenu\disp\dispDirver.c: 2 warnings, 0 errors
compiling u8g2_ll_hvline.c...
compiling u8log.c...
compiling u8g2_message.c...
compiling u8g2_selection_list.c...
compiling u8g2_polygon.c...
compiling AirPlane.c...
..\headers\tim0.h(28): warning:  #1295-D: Deprecated declaration Tmr0Config - give arg types
  void Tmr0Config();
..\headers\tim0.h(35): warning:  #1-D: last line of file ends without a newline
  #endif
..\MultMenu\application\AirPlane.c: 2 warnings, 0 errors
compiling u8log_u8g2.c...
compiling u8log_u8x8.c...
compiling u8g2_setup.c...
compiling DinoGame.c...
..\headers\tim0.h(28): warning:  #1295-D: Deprecated declaration Tmr0Config - give arg types
  void Tmr0Config();
..\headers\tim0.h(35): warning:  #1-D: last line of file ends without a newline
  #endif
..\MultMenu\application\DinoGame.c: 2 warnings, 0 errors
compiling u8x8_8x8.c...
compiling u8x8_byte.c...
compiling u8x8_capture.c...
..\u8g2Drive\u8g2Lib\src\u8x8_capture.c(254): warning:  #1-D: last line of file ends without a newline
  #endif
..\u8g2Drive\u8g2Lib\src\u8x8_capture.c: 1 warning, 0 errors
compiling u8x8_d_ssd1306_128x64_noname.c...
compiling u8x8_debounce.c...
compiling u8x8_input_value.c...
compiling u8x8_cad.c...
compiling u8x8_display.c...
..\u8g2Drive\u8g2Lib\src\u8x8_display.c(203): warning:  #1-D: last line of file ends without a newline
  }
..\u8g2Drive\u8g2Lib\src\u8x8_display.c: 1 warning, 0 errors
compiling u8x8_gpio.c...
..\u8g2Drive\u8g2Lib\src\u8x8_gpio.c(50): warning:  #1-D: last line of file ends without a newline
  */
..\u8g2Drive\u8g2Lib\src\u8x8_gpio.c: 1 warning, 0 errors
compiling u8x8_message.c...
compiling u8x8_selection_list.c...
compiling u8x8_fonts.c...
compiling u8x8_u16toa.c...
..\u8g2Drive\u8g2Lib\src\u8x8_u16toa.c(77): warning:  #1-D: last line of file ends without a newline
  }
..\u8g2Drive\u8g2Lib\src\u8x8_u16toa.c: 1 warning, 0 errors
assembling cmb_fault.S...
compiling u8x8_string.c...
compiling u8x8_u8toa.c...
compiling u8x8_setup.c...
compiling cm_backtrace.c...
compiling hc32_u8g2.c...
..\headers\tim0.h(28): warning:  #1295-D: Deprecated declaration Tmr0Config - give arg types
  void Tmr0Config();
..\headers\tim0.h(35): warning:  #1-D: last line of file ends without a newline
  #endif
..\u8g2Drive\hc32_u8g2.c: 2 warnings, 0 errors
linking...
Program Size: Code=35520 RO-data=7496 RW-data=200 ZI-data=7832  
FromELF: creating hex file...
After Build - User command #1: fromelf  --bin -o "c:\Users\Admin\Desktop\All_projects\Un8266_GBSC\USB_Box\usb_dev_cdc\MDK\output\debug\usb_dev_cdc.bin" "c:\Users\Admin\Desktop\All_projects\Un8266_GBSC\USB_Box\usb_dev_cdc\MDK\output\debug\usb_dev_cdc.axf"
".\output\debug\usb_dev_cdc.axf" - 0 Error(s), 32 Warning(s).

<h2>Software Packages used:</h2>

Package Vendor: HDSC
                https://raw.githubusercontent.com/hdscmcu/pack/master/HDSC.HC32F46x.1.0.2.pack
                HDSC.HC32F46x.1.0.2
                HC32F46x ARM Cortex-M4 Device Family Pack

<h2>Collection of Component include folders:</h2>
  .\RTE\_usb_dev_cdc_Debug
  C:\Users\Admin\AppData\Local\Arm\Packs\HDSC\HC32F46x\1.0.2\Device\Include

<h2>Collection of Component Files used:</h2>
Build Time Elapsed:  00:00:08
</pre>
</body>
</html>
