<html>
<body>
<pre>
<h1>µVision Build Log</h1>
<h2>Tool Versions:</h2>
IDE-Version: ¦ÌVision V5.28.0.0
Copyright (C) 2019 ARM Ltd and ARM Germany GmbH. All rights reserved.
License Information: 12 12, 12, LIC=76F5U-S40GG-12ILE-583S6-SZ4P2-HLWLL
 
Tool Versions:
Toolchain:       MDK-ARM Plus  Version: 5.28.0.0
Toolchain Path:  C:\Keil_v5\ARM\ARMCC\Bin
C Compiler:      Armcc.exe V5.06 update 6 (build 750)
Assembler:       Armasm.exe V5.06 update 6 (build 750)
Linker/Locator:  ArmLink.exe V5.06 update 6 (build 750)
Library Manager: ArmAr.exe V5.06 update 6 (build 750)
Hex Converter:   FromElf.exe V5.06 update 6 (build 750)
CPU DLL:         SARMCM3.DLL V5.28.0.0
Dialog DLL:      DCM.DLL V1.17.3.0
Target DLL:      STLink\ST-LINKIII-KEIL_SWO.dll V3.0.6.0
Dialog DLL:      TCM.DLL V1.36.2.0
 
<h2>Project:</h2>
c:\Users\Admin\Desktop\All_projects\Un8266_GBSC\USB_Box\usb_dev_cdc\MDK\usb_dev_cdc.uvprojx
Project File Date:  04/23/2026

<h2>Output:</h2>
*** Using Compiler 'V5.06 update 6 (build 750)', folder: 'C:\Keil_v5\ARM\ARMCC\Bin'
Build target 'usb_dev_cdc_Debug'
compiling hc32_u8g2.c...
compiling main.c...
..\src\main.c(11): warning:  #177-D: function "fault_test_by_div0"  was declared but never referenced
  static void fault_test_by_div0(void)
..\src\main.c: 1 warning, 0 errors
compiling DinoGame.c...
compiling EncodTimA.c...
..\src\EncodTimA.c(45): warning:  #1-D: last line of file ends without a newline
  }
..\src\EncodTimA.c: 1 warning, 0 errors
compiling ev_hc32f460_lqfp100_v2.c...
compiling AirPlane.c...
compiling menuConfig.c...
compiling dispDirver.c...
compiling menu.c...
linking...
Program Size: Code=33376 RO-data=7428 RW-data=196 ZI-data=7836  
FromELF: creating hex file...
After Build - User command #1: fromelf  --bin -o "c:\Users\Admin\Desktop\All_projects\Un8266_GBSC\USB_Box\usb_dev_cdc\MDK\output\debug\usb_dev_cdc.bin" "c:\Users\Admin\Desktop\All_projects\Un8266_GBSC\USB_Box\usb_dev_cdc\MDK\output\debug\usb_dev_cdc.axf"
".\output\debug\usb_dev_cdc.axf" - 0 Error(s), 2 Warning(s).

<h2>Software Packages used:</h2>

Package Vendor: HDSC
                https://raw.githubusercontent.com/hdscmcu/pack/master/HDSC.HC32F46x.1.0.2.pack
                HDSC.HC32F46x.1.0.2
                HC32F46x ARM Cortex-M4 Device Family Pack

<h2>Collection of Component include folders:</h2>
  .\RTE\_usb_dev_cdc_Debug
  C:\Users\Admin\AppData\Local\Arm\Packs\HDSC\HC32F46x\1.0.2\Device\Include

<h2>Collection of Component Files used:</h2>
Build Time Elapsed:  00:00:03
</pre>
</body>
</html>
